Archive member included to satisfy reference by file (symbol)

c:/st/stm32cubeide_1.9.0/stm32cubeide/plugins/com.st.stm32cube.ide.mcu.externaltools.gnu-tools-for-stm32.10.3-2021.10.win32_1.0.0.202111181127/tools/bin/../lib/gcc/arm-none-eabi/10.3.1/../../../../arm-none-eabi/lib/thumb/v7-m/nofp\libc_nano.a(lib_a-errno.o)
                              ./Core/Src/syscalls.o (__errno)
c:/st/stm32cubeide_1.9.0/stm32cubeide/plugins/com.st.stm32cube.ide.mcu.externaltools.gnu-tools-for-stm32.10.3-2021.10.win32_1.0.0.202111181127/tools/bin/../lib/gcc/arm-none-eabi/10.3.1/../../../../arm-none-eabi/lib/thumb/v7-m/nofp\libc_nano.a(lib_a-exit.o)
                              c:/st/stm32cubeide_1.9.0/stm32cubeide/plugins/com.st.stm32cube.ide.mcu.externaltools.gnu-tools-for-stm32.10.3-2021.10.win32_1.0.0.202111181127/tools/bin/../lib/gcc/arm-none-eabi/10.3.1/../../../../arm-none-eabi/lib/thumb/v7-m/nofp/crt0.o (exit)
c:/st/stm32cubeide_1.9.0/stm32cubeide/plugins/com.st.stm32cube.ide.mcu.externaltools.gnu-tools-for-stm32.10.3-2021.10.win32_1.0.0.202111181127/tools/bin/../lib/gcc/arm-none-eabi/10.3.1/../../../../arm-none-eabi/lib/thumb/v7-m/nofp\libc_nano.a(lib_a-impure.o)
                              c:/st/stm32cubeide_1.9.0/stm32cubeide/plugins/com.st.stm32cube.ide.mcu.externaltools.gnu-tools-for-stm32.10.3-2021.10.win32_1.0.0.202111181127/tools/bin/../lib/gcc/arm-none-eabi/10.3.1/../../../../arm-none-eabi/lib/thumb/v7-m/nofp\libc_nano.a(lib_a-exit.o) (_global_impure_ptr)
c:/st/stm32cubeide_1.9.0/stm32cubeide/plugins/com.st.stm32cube.ide.mcu.externaltools.gnu-tools-for-stm32.10.3-2021.10.win32_1.0.0.202111181127/tools/bin/../lib/gcc/arm-none-eabi/10.3.1/../../../../arm-none-eabi/lib/thumb/v7-m/nofp\libc_nano.a(lib_a-init.o)
                              c:/st/stm32cubeide_1.9.0/stm32cubeide/plugins/com.st.stm32cube.ide.mcu.externaltools.gnu-tools-for-stm32.10.3-2021.10.win32_1.0.0.202111181127/tools/bin/../lib/gcc/arm-none-eabi/10.3.1/../../../../arm-none-eabi/lib/thumb/v7-m/nofp/crt0.o (__libc_init_array)
c:/st/stm32cubeide_1.9.0/stm32cubeide/plugins/com.st.stm32cube.ide.mcu.externaltools.gnu-tools-for-stm32.10.3-2021.10.win32_1.0.0.202111181127/tools/bin/../lib/gcc/arm-none-eabi/10.3.1/../../../../arm-none-eabi/lib/thumb/v7-m/nofp\libc_nano.a(lib_a-memset.o)
                              c:/st/stm32cubeide_1.9.0/stm32cubeide/plugins/com.st.stm32cube.ide.mcu.externaltools.gnu-tools-for-stm32.10.3-2021.10.win32_1.0.0.202111181127/tools/bin/../lib/gcc/arm-none-eabi/10.3.1/../../../../arm-none-eabi/lib/thumb/v7-m/nofp/crt0.o (memset)
c:/st/stm32cubeide_1.9.0/stm32cubeide/plugins/com.st.stm32cube.ide.mcu.externaltools.gnu-tools-for-stm32.10.3-2021.10.win32_1.0.0.202111181127/tools/bin/../lib/gcc/arm-none-eabi/10.3.1/../../../../arm-none-eabi/lib/thumb/v7-m/nofp\libc_nano.a(lib_a-sprintf.o)
                              ./Core/Src/main.o (sprintf)
c:/st/stm32cubeide_1.9.0/stm32cubeide/plugins/com.st.stm32cube.ide.mcu.externaltools.gnu-tools-for-stm32.10.3-2021.10.win32_1.0.0.202111181127/tools/bin/../lib/gcc/arm-none-eabi/10.3.1/../../../../arm-none-eabi/lib/thumb/v7-m/nofp\libc_nano.a(lib_a-nano-svfprintf.o)
                              c:/st/stm32cubeide_1.9.0/stm32cubeide/plugins/com.st.stm32cube.ide.mcu.externaltools.gnu-tools-for-stm32.10.3-2021.10.win32_1.0.0.202111181127/tools/bin/../lib/gcc/arm-none-eabi/10.3.1/../../../../arm-none-eabi/lib/thumb/v7-m/nofp\libc_nano.a(lib_a-sprintf.o) (_svfprintf_r)
c:/st/stm32cubeide_1.9.0/stm32cubeide/plugins/com.st.stm32cube.ide.mcu.externaltools.gnu-tools-for-stm32.10.3-2021.10.win32_1.0.0.202111181127/tools/bin/../lib/gcc/arm-none-eabi/10.3.1/../../../../arm-none-eabi/lib/thumb/v7-m/nofp\libc_nano.a(lib_a-nano-vfprintf_i.o)
                              c:/st/stm32cubeide_1.9.0/stm32cubeide/plugins/com.st.stm32cube.ide.mcu.externaltools.gnu-tools-for-stm32.10.3-2021.10.win32_1.0.0.202111181127/tools/bin/../lib/gcc/arm-none-eabi/10.3.1/../../../../arm-none-eabi/lib/thumb/v7-m/nofp\libc_nano.a(lib_a-nano-svfprintf.o) (_printf_i)
c:/st/stm32cubeide_1.9.0/stm32cubeide/plugins/com.st.stm32cube.ide.mcu.externaltools.gnu-tools-for-stm32.10.3-2021.10.win32_1.0.0.202111181127/tools/bin/../lib/gcc/arm-none-eabi/10.3.1/../../../../arm-none-eabi/lib/thumb/v7-m/nofp\libc_nano.a(lib_a-memchr-stub.o)
                              c:/st/stm32cubeide_1.9.0/stm32cubeide/plugins/com.st.stm32cube.ide.mcu.externaltools.gnu-tools-for-stm32.10.3-2021.10.win32_1.0.0.202111181127/tools/bin/../lib/gcc/arm-none-eabi/10.3.1/../../../../arm-none-eabi/lib/thumb/v7-m/nofp\libc_nano.a(lib_a-nano-svfprintf.o) (memchr)
c:/st/stm32cubeide_1.9.0/stm32cubeide/plugins/com.st.stm32cube.ide.mcu.externaltools.gnu-tools-for-stm32.10.3-2021.10.win32_1.0.0.202111181127/tools/bin/../lib/gcc/arm-none-eabi/10.3.1/../../../../arm-none-eabi/lib/thumb/v7-m/nofp\libc_nano.a(lib_a-memcpy-stub.o)
[...]
Memory Configuration

Name             Origin             Length             Attributes
RAM              0x0000000020000000 0x0000000000005000 xrw
FLASH            0x0000000008000000 0x0000000000010000 xr
*default*        0x0000000000000000 0xffffffffffffffff

Linker script and memory map

LOAD c:/st/stm32cubeide_1.9.0/stm32cubeide/plugins/com.st.stm32cube.ide.mcu.externaltools.gnu-tools-for-stm32.10.3-2021.10.win32_1.0.0.202111181127/tools/bin/../lib/gcc/arm-none-eabi/10.3.1/thumb/v7-m/nofp/crti.o
LOAD c:/st/stm32cubeide_1.9.0/stm32cubeide/plugins/com.st.stm32cube.ide.mcu.externaltools.gnu-tools-for-stm32.10.3-2021.10.win32_1.0.0.202111181127/tools/bin/../lib/gcc/arm-none-eabi/10.3.1/thumb/v7-m/nofp/crtbegin.o
LOAD c:/st/stm32cubeide_1.9.0/stm32cubeide/plugins/com.st.stm32cube.ide.mcu.externaltools.gnu-tools-for-stm32.10.3-2021.10.win32_1.0.0.202111181127/tools/bin/../lib/gcc/arm-none-eabi/10.3.1/../../../../arm-none-eabi/lib/thumb/v7-m/nofp/crt0.o
LOAD ./Core/Src/main.o
LOAD ./Core/Src/stm32f1xx_hal_msp.o
LOAD ./Core/Src/stm32f1xx_it.o
LOAD ./Core/Src/syscalls.o
LOAD ./Core/Src/sysmem.o
LOAD ./Core/Src/system_stm32f1xx.o
LOAD ./Core/Startup/startup_stm32f103c8tx.o
LOAD ./Drivers/STM32F1xx_HAL_Driver/Src/stm32f1xx_hal.o
LOAD ./Drivers/STM32F1xx_HAL_Driver/Src/stm32f1xx_hal_can.o
LOAD ./Drivers/STM32F1xx_HAL_Driver/Src/stm32f1xx_hal_cortex.o
LOAD ./Drivers/STM32F1xx_HAL_Driver/Src/stm32f1xx_hal_dma.o
LOAD ./Drivers/STM32F1xx_HAL_Driver/Src/stm32f1xx_hal_exti.o
LOAD ./Drivers/STM32F1xx_HAL_Driver/Src/stm32f1xx_hal_flash.o
LOAD ./Drivers/STM32F1xx_HAL_Driver/Src/stm32f1xx_hal_flash_ex.o
LOAD ./Drivers/STM32F1xx_HAL_Driver/Src/stm32f1xx_hal_gpio.o
LOAD ./Drivers/STM32F1xx_HAL_Driver/Src/stm32f1xx_hal_gpio_ex.o
LOAD ./Drivers/STM32F1xx_HAL_Driver/Src/stm32f1xx_hal_pwr.o
LOAD ./Drivers/STM32F1xx_HAL_Driver/Src/stm32f1xx_hal_rcc.o
LOAD ./Drivers/STM32F1xx_HAL_Driver/Src/stm32f1xx_hal_rcc_ex.o
LOAD ./Drivers/STM32F1xx_HAL_Driver/Src/stm32f1xx_hal_tim.o
LOAD ./Drivers/STM32F1xx_HAL_Driver/Src/stm32f1xx_hal_tim_ex.o
LOAD ./Drivers/STM32F1xx_HAL_Driver/Src/stm32f1xx_hal_uart.o
START GROUP
LOAD c:/st/stm32cubeide_1.9.0/stm32cubeide/plugins/com.st.stm32cube.ide.mcu.externaltools.gnu-tools-for-stm32.10.3-2021.10.win32_1.0.0.202111181127/tools/bin/../lib/gcc/arm-none-eabi/10.3.1/../../../../arm-none-eabi/lib/thumb/v7-m/nofp\libc_nano.a
LOAD c:/st/stm32cubeide_1.9.0/stm32cubeide/plugins/com.st.stm32cube.ide.mcu.externaltools.gnu-tools-for-stm32.10.3-2021.10.win32_1.0.0.202111181127/tools/bin/../lib/gcc/arm-none-eabi/10.3.1/../../../../arm-none-eabi/lib/thumb/v7-m/nofp\libm.a
END GROUP
START GROUP
LOAD c:/st/stm32cubeide_1.9.0/stm32cubeide/plugins/com.st.stm32cube.ide.mcu.externaltools.gnu-tools-for-stm32.10.3-2021.10.win32_1.0.0.202111181127/tools/bin/../lib/gcc/arm-none-eabi/10.3.1/thumb/v7-m/nofp\libgcc.a
LOAD c:/st/stm32cubeide_1.9.0/stm32cubeide/plugins/com.st.stm32cube.ide.mcu.externaltools.gnu-tools-for-stm32.10.3-2021.10.win32_1.0.0.202111181127/tools/bin/../lib/gcc/arm-none-eabi/10.3.1/../../../../arm-none-eabi/lib/thumb/v7-m/nofp\libc_nano.a
END GROUP
START GROUP
LOAD c:/st/stm32cubeide_1.9.0/stm32cubeide/plugins/com.st.stm32cube.ide.mcu.externaltools.gnu-tools-for-stm32.10.3-2021.10.win32_1.0.0.202111181127/tools/bin/../lib/gcc/arm-none-eabi/10.3.1/thumb/v7-m/nofp\libgcc.a
LOAD c:/st/stm32cubeide_1.9.0/stm32cubeide/plugins/com.st.stm32cube.ide.mcu.externaltools.gnu-tools-for-stm32.10.3-2021.10.win32_1.0.0.202111181127/tools/bin/../lib/gcc/arm-none-eabi/10.3.1/../../../../arm-none-eabi/lib/thumb/v7-m/nofp\libc_nano.a
LOAD c:/st/stm32cubeide_1.9.0/stm32cubeide/plugins/com.st.stm32cube.ide.mcu.externaltools.gnu-tools-for-stm32.10.3-2021.10.win32_1.0.0.202111181127/tools/bin/../lib/gcc/arm-none-eabi/10.3.1/../../../../arm-none-eabi/lib/thumb/v7-m/nofp\libnosys.a
END GROUP
START GROUP
LOAD c:/st/stm32cubeide_1.9.0/stm32cubeide/plugins/com.st.stm32cube.ide.mcu.externaltools.gnu-tools-for-stm32.10.3-2021.10.win32_1.0.0.202111181127/tools/bin/../lib/gcc/arm-none-eabi/10.3.1/thumb/v7-m/nofp\libgcc.a
LOAD c:/st/stm32cubeide_1.9.0/stm32cubeide/plugins/com.st.stm32cube.ide.mcu.externaltools.gnu-tools-for-stm32.10.3-2021.10.win32_1.0.0.202111181127/tools/bin/../lib/gcc/arm-none-eabi/10.3.1/../../../../arm-none-eabi/lib/thumb/v7-m/nofp\libc_nano.a
LOAD c:/st/stm32cubeide_1.9.0/stm32cubeide/plugins/com.st.stm32cube.ide.mcu.externaltools.gnu-tools-for-stm32.10.3-2021.10.win32_1.0.0.202111181127/tools/bin/../lib/gcc/arm-none-eabi/10.3.1/../../../../arm-none-eabi/lib/thumb/v7-m/nofp\libnosys.a
END GROUP
LOAD c:/st/stm32cubeide_1.9.0/stm32cubeide/plugins/com.st.stm32cube.ide.mcu.externaltools.gnu-tools-for-stm32.10.3-2021.10.win32_1.0.0.202111181127/tools/bin/../lib/gcc/arm-none-eabi/10.3.1/thumb/v7-m/nofp/crtend.o
LOAD c:/st/stm32cubeide_1.9.0/stm32cubeide/plugins/com.st.stm32cube.ide.mcu.externaltools.gnu-tools-for-stm32.10.3-2021.10.win32_1.0.0.202111181127/tools/bin/../lib/gcc/arm-none-eabi/10.3.1/thumb/v7-m/nofp/crtn.o
                0x0000000020005000                _estack = (ORIGIN (RAM) + LENGTH (RAM))
                0x0000000000000200                _Min_Heap_Size = 0x200
                0x0000000000000400                _Min_Stack_Size = 0x400

.isr_vector     0x0000000008000000      0x10c
                0x0000000008000000                . = ALIGN (0x4)
 *(.isr_vector)
 .isr_vector    0x0000000008000000      0x10c ./Core/Startup/startup_stm32f103c8tx.o
                0x0000000008000000                g_pfnVectors
                0x000000000800010c                . = ALIGN (0x4)

.text           0x000000000800010c     0x2c14
                0x000000000800010c                . = ALIGN (0x4)
 *(.text)
 .text          0x000000000800010c       0x40 c:/st/stm32cubeide_1.9.0/stm32cubeide/plugins/com.st.stm32cube.ide.mcu.externaltools.gnu-tools-for-stm32.10.3-2021.10.win32_1.0.0.202111181127/tools/bin/../lib/gcc/arm-none-eabi/10.3.1/thumb/v7-m/nofp/crtbegin.o
 *(.text*)
 .text.main     0x000000000800014c       0x4c ./Core/Src/main.o
                0x000000000800014c                main
 .text.SystemClock_Config
                0x0000000008000198       0x8a ./Core/Src/main.o
                0x0000000008000198                SystemClock_Config
 *fill*         0x0000000008000222        0x2 
 .text.MX_CAN_Init
                0x0000000008000224       0x70 ./Core/Src/main.o
 .text.MX_USART1_UART_Init
                0x0000000008000294       0x54 ./Core/Src/main.o
 .text.CAN1_Tx  0x00000000080002e8       0x50 ./Core/Src/main.o
                0x00000000080002e8                CAN1_Tx
 .text.CAN_Filter_Config
                0x0000000008000338       0x4c ./Core/Src/main.o
                0x0000000008000338                CAN_Filter_Config
 .text.MX_GPIO_Init
                0x0000000008000384       0x44 ./Core/Src/main.o
 .text.HAL_CAN_TxMailbox0CompleteCallback
                0x00000000080003c8       0x20 ./Core/Src/main.o
                0x00000000080003c8                HAL_CAN_TxMailbox0CompleteCallback
 .text.HAL_CAN_TxMailbox1CompleteCallback
                0x00000000080003e8       0x20 ./Core/Src/main.o
                0x00000000080003e8                HAL_CAN_TxMailbox1CompleteCallback
 .text.HAL_CAN_TxMailbox2CompleteCallback
                0x0000000008000408       0x20 ./Core/Src/main.o
                0x0000000008000408                HAL_CAN_TxMailbox2CompleteCallback
 .text.HAL_CAN_RxFifo0MsgPendingCallback
                0x0000000008000428       0x40 ./Core/Src/main.o
                0x0000000008000428                HAL_CAN_RxFifo0MsgPendingCallback
 .text.HAL_CAN_ErrorCallback
                0x0000000008000468       0x12 ./Core/Src/main.o
                0x0000000008000468                HAL_CAN_ErrorCallback
 .text.Error_Handler
                0x000000000800047a        0xa ./Core/Src/main.o
                0x000000000800047a                Error_Handler
 .text.HAL_MspInit
                0x0000000008000484       0x64 ./Core/Src/stm32f1xx_hal_msp.o
                0x0000000008000484                HAL_MspInit
 .text.HAL_CAN_MspInit
                0x00000000080004e8       0xd8 ./Core/Src/stm32f1xx_hal_msp.o
                0x00000000080004e8                HAL_CAN_MspInit
 .text.HAL_UART_MspInit
                0x00000000080005c0       0x98 ./Core/Src/stm32f1xx_hal_msp.o
                0x00000000080005c0                HAL_UART_MspInit
 .text.NMI_Handler
                0x0000000008000658        0x6 ./Core/Src/stm32f1xx_it.o
                0x0000000008000658                NMI_Handler
 .text.HardFault_Handler
                0x000000000800065e        0x6 ./Core/Src/stm32f1xx_it.o
                0x000000000800065e                HardFault_Handler
 .text.MemManage_Handler
                0x0000000008000664        0x6 ./Core/Src/stm32f1xx_it.o
                0x0000000008000664                MemManage_Handler
 .text.BusFault_Handler
                0x000000000800066a        0x6 ./Core/Src/stm32f1xx_it.o
                0x000000000800066a                BusFault_Handler
 .text.UsageFault_Handler
                0x0000000008000670        0x6 ./Core/Src/stm32f1xx_it.o
                0x0000000008000670                UsageFault_Handler
 .text.SVC_Handler
                0x0000000008000676        0xc ./Core/Src/stm32f1xx_it.o
                0x0000000008000676                SVC_Handler
 .text.DebugMon_Handler
                0x0000000008000682        0xc ./Core/Src/stm32f1xx_it.o
                0x0000000008000682                DebugMon_Handler
 .text.PendSV_Handler
                0x000000000800068e        0xc ./Core/Src/stm32f1xx_it.o
                0x000000000800068e                PendSV_Handler
 .text.SysTick_Handler
                0x000000000800069a        0xc ./Core/Src/stm32f1xx_it.o
                0x000000000800069a                SysTick_Handler
 *fill*         0x00000000080006a6        0x2 
 .text.USB_HP_CAN1_TX_IRQHandler
                0x00000000080006a8       0x14 ./Core/Src/stm32f1xx_it.o
                0x00000000080006a8                USB_HP_CAN1_TX_IRQHandler
 .text.USB_LP_CAN1_RX0_IRQHandler
                0x00000000080006bc       0x14 ./Core/Src/stm32f1xx_it.o
                0x00000000080006bc                USB_LP_CAN1_RX0_IRQHandler
 .text.CAN1_RX1_IRQHandler
                0x00000000080006d0       0x14 ./Core/Src/stm32f1xx_it.o
                0x00000000080006d0                CAN1_RX1_IRQHandler
 .text.CAN1_SCE_IRQHandler
                0x00000000080006e4        0xc ./Core/Src/stm32f1xx_it.o
                0x00000000080006e4                CAN1_SCE_IRQHandler
 .text._sbrk    0x00000000080006f0       0x6c ./Core/Src/sysmem.o
                0x00000000080006f0                _sbrk
 .text.SystemInit
                0x000000000800075c        0xc ./Core/Src/system_stm32f1xx.o
                0x000000000800075c                SystemInit
 .text.Reset_Handler
                0x0000000008000768       0x48 ./Core/Startup/startup_stm32f103c8tx.o
                0x0000000008000768                Reset_Handler
 .text.Default_Handler
                0x00000000080007b0        0x2 ./Core/Startup/startup_stm32f103c8tx.o
                0x00000000080007b0                RTC_Alarm_IRQHandler
                0x00000000080007b0                EXTI2_IRQHandler
                0x00000000080007b0                TIM1_CC_IRQHandler
                0x00000000080007b0                PVD_IRQHandler
                0x00000000080007b0                EXTI3_IRQHandler
                0x00000000080007b0                EXTI0_IRQHandler
                0x00000000080007b0                I2C2_EV_IRQHandler
                0x00000000080007b0                ADC1_2_IRQHandler
                0x00000000080007b0                SPI1_IRQHandler
                0x00000000080007b0                TAMPER_IRQHandler
                0x00000000080007b0                DMA1_Channel4_IRQHandler
                0x00000000080007b0                USART3_IRQHandler
                0x00000000080007b0                RTC_IRQHandler
                0x00000000080007b0                DMA1_Channel7_IRQHandler
                0x00000000080007b0                TIM4_IRQHandler
                0x00000000080007b0                I2C1_EV_IRQHandler
                0x00000000080007b0                DMA1_Channel6_IRQHandler
                0x00000000080007b0                TIM3_IRQHandler
                0x00000000080007b0                RCC_IRQHandler
                0x00000000080007b0                TIM1_TRG_COM_IRQHandler
                0x00000000080007b0                DMA1_Channel1_IRQHandler
                0x00000000080007b0                Default_Handler
                0x00000000080007b0                EXTI15_10_IRQHandler
                0x00000000080007b0                EXTI9_5_IRQHandler
                0x00000000080007b0                SPI2_IRQHandler
                0x00000000080007b0                DMA1_Channel5_IRQHandler
                0x00000000080007b0                EXTI4_IRQHandler
                0x00000000080007b0                DMA1_Channel3_IRQHandler
                0x00000000080007b0                TIM1_UP_IRQHandler
                0x00000000080007b0                WWDG_IRQHandler
                0x00000000080007b0                TIM2_IRQHandler
                0x00000000080007b0                TIM1_BRK_IRQHandler
                0x00000000080007b0                EXTI1_IRQHandler
                0x00000000080007b0                USART2_IRQHandler
                0x00000000080007b0                I2C2_ER_IRQHandler
                0x00000000080007b0                DMA1_Channel2_IRQHandler
                0x00000000080007b0                FLASH_IRQHandler
                0x00000000080007b0                USART1_IRQHandler
                0x00000000080007b0                I2C1_ER_IRQHandler
                0x00000000080007b0                USBWakeUp_IRQHandler
 *fill*         0x00000000080007b2        0x2 
 .text.HAL_Init
                0x00000000080007b4       0x2c ./Drivers/STM32F1xx_HAL_Driver/Src/stm32f1xx_hal.o
                0x00000000080007b4                HAL_Init
 .text.HAL_InitTick
                0x00000000080007e0       0x60 ./Drivers/STM32F1xx_HAL_Driver/Src/stm32f1xx_hal.o
                0x00000000080007e0                HAL_InitTick
 .text.HAL_IncTick
                0x0000000008000840       0x24 ./Drivers/STM32F1xx_HAL_Driver/Src/stm32f1xx_hal.o
                0x0000000008000840                HAL_IncTick
 .text.HAL_GetTick
                0x0000000008000864       0x14 ./Drivers/STM32F1xx_HAL_Driver/Src/stm32f1xx_hal.o
                0x0000000008000864                HAL_GetTick
 .text.HAL_CAN_Init
                0x0000000008000878      0x1f6 ./Drivers/STM32F1xx_HAL_Driver/Src/stm32f1xx_hal_can.o
                0x0000000008000878                HAL_CAN_Init
 .text.HAL_CAN_ConfigFilter
                0x0000000008000a6e      0x192 ./Drivers/STM32F1xx_HAL_Driver/Src/stm32f1xx_hal_can.o
                0x0000000008000a6e                HAL_CAN_ConfigFilter
 .text.HAL_CAN_Start
                0x0000000008000c00       0x88 ./Drivers/STM32F1xx_HAL_Driver/Src/stm32f1xx_hal_can.o
                0x0000000008000c00                HAL_CAN_Start
 .text.HAL_CAN_AddTxMessage
                0x0000000008000c88      0x19e ./Drivers/STM32F1xx_HAL_Driver/Src/stm32f1xx_hal_can.o
                0x0000000008000c88                HAL_CAN_AddTxMessage
 .text.HAL_CAN_GetRxMessage
                0x0000000008000e26      0x242 ./Drivers/STM32F1xx_HAL_Driver/Src/stm32f1xx_hal_can.o
                0x0000000008000e26                HAL_CAN_GetRxMessage
 .text.HAL_CAN_ActivateNotification
                0x0000000008001068       0x4a ./Drivers/STM32F1xx_HAL_Driver/Src/stm32f1xx_hal_can.o
                0x0000000008001068                HAL_CAN_ActivateNotification
 .text.HAL_CAN_IRQHandler
                0x00000000080010b2      0x36e ./Drivers/STM32F1xx_HAL_Driver/Src/stm32f1xx_hal_can.o
                0x00000000080010b2                HAL_CAN_IRQHandler
 .text.HAL_CAN_TxMailbox0AbortCallback
                0x0000000008001420       0x12 ./Drivers/STM32F1xx_HAL_Driver/Src/stm32f1xx_hal_can.o
                0x0000000008001420                HAL_CAN_TxMailbox0AbortCallback
 .text.HAL_CAN_TxMailbox1AbortCallback
                0x0000000008001432       0x12 ./Drivers/STM32F1xx_HAL_Driver/Src/stm32f1xx_hal_can.o
                0x0000000008001432                HAL_CAN_TxMailbox1AbortCallback
 .text.HAL_CAN_TxMailbox2AbortCallback
                0x0000000008001444       0x12 ./Drivers/STM32F1xx_HAL_Driver/Src/stm32f1xx_hal_can.o
                0x0000000008001444                HAL_CAN_TxMailbox2AbortCallback
 .text.HAL_CAN_RxFifo0FullCallback
                0x0000000008001456       0x12 ./Drivers/STM32F1xx_HAL_Driver/Src/stm32f1xx_hal_can.o
                0x0000000008001456                HAL_CAN_RxFifo0FullCallback
 .text.HAL_CAN_RxFifo1MsgPendingCallback
                0x0000000008001468       0x12 ./Drivers/STM32F1xx_HAL_Driver/Src/stm32f1xx_hal_can.o
                0x0000000008001468                HAL_CAN_RxFifo1MsgPendingCallback
 .text.HAL_CAN_RxFifo1FullCallback
                0x000000000800147a       0x12 ./Drivers/STM32F1xx_HAL_Driver/Src/stm32f1xx_hal_can.o
                0x000000000800147a                HAL_CAN_RxFifo1FullCallback
 .text.HAL_CAN_SleepCallback
                0x000000000800148c       0x12 ./Drivers/STM32F1xx_HAL_Driver/Src/stm32f1xx_hal_can.o
                0x000000000800148c                HAL_CAN_SleepCallback
 .text.HAL_CAN_WakeUpFromRxMsgCallback
                0x000000000800149e       0x12 ./Drivers/STM32F1xx_HAL_Driver/Src/stm32f1xx_hal_can.o
                0x000000000800149e                HAL_CAN_WakeUpFromRxMsgCallback
 .text.__NVIC_SetPriorityGrouping
                0x00000000080014b0       0x48 ./Drivers/STM32F1xx_HAL_Driver/Src/stm32f1xx_hal_cortex.o
 .text.__NVIC_GetPriorityGrouping
                0x00000000080014f8       0x1c ./Drivers/STM32F1xx_HAL_Driver/Src/stm32f1xx_hal_cortex.o
 .text.__NVIC_EnableIRQ
                0x0000000008001514       0x38 ./Drivers/STM32F1xx_HAL_Driver/Src/stm32f1xx_hal_cortex.o
 .text.__NVIC_SetPriority
                0x000000000800154c       0x54 ./Drivers/STM32F1xx_HAL_Driver/Src/stm32f1xx_hal_cortex.o
 .text.NVIC_EncodePriority
                0x00000000080015a0       0x64 ./Drivers/STM32F1xx_HAL_Driver/Src/stm32f1xx_hal_cortex.o
 .text.SysTick_Config
                0x0000000008001604       0x44 ./Drivers/STM32F1xx_HAL_Driver/Src/stm32f1xx_hal_cortex.o
 .text.HAL_NVIC_SetPriorityGrouping
                0x0000000008001648       0x16 ./Drivers/STM32F1xx_HAL_Driver/Src/stm32f1xx_hal_cortex.o
                0x0000000008001648                HAL_NVIC_SetPriorityGrouping
 .text.HAL_NVIC_SetPriority
                0x000000000800165e       0x38 ./Drivers/STM32F1xx_HAL_Driver/Src/stm32f1xx_hal_cortex.o
                0x000000000800165e                HAL_NVIC_SetPriority
 .text.HAL_NVIC_EnableIRQ
                0x0000000008001696       0x1c ./Drivers/STM32F1xx_HAL_Driver/Src/stm32f1xx_hal_cortex.o
                0x0000000008001696                HAL_NVIC_EnableIRQ
 .text.HAL_SYSTICK_Config
                0x00000000080016b2       0x18 ./Drivers/STM32F1xx_HAL_Driver/Src/stm32f1xx_hal_cortex.o
                0x00000000080016b2                HAL_SYSTICK_Config
 *fill*         0x00000000080016ca        0x2 
 .text.HAL_GPIO_Init
                0x00000000080016cc      0x308 ./Drivers/STM32F1xx_HAL_Driver/Src/stm32f1xx_hal_gpio.o
                0x00000000080016cc                HAL_GPIO_Init
 .text.HAL_RCC_OscConfig
                0x00000000080019d4      0x504 ./Drivers/STM32F1xx_HAL_Driver/Src/stm32f1xx_hal_rcc.o
                0x00000000080019d4                HAL_RCC_OscConfig
 .text.HAL_RCC_ClockConfig
                0x0000000008001ed8      0x1d4 ./Drivers/STM32F1xx_HAL_Driver/Src/stm32f1xx_hal_rcc.o
                0x0000000008001ed8                HAL_RCC_ClockConfig
 .text.HAL_RCC_GetSysClockFreq
                0x00000000080020ac       0xa8 ./Drivers/STM32F1xx_HAL_Driver/Src/stm32f1xx_hal_rcc.o
                0x00000000080020ac                HAL_RCC_GetSysClockFreq
 .text.HAL_RCC_GetHCLKFreq
                0x0000000008002154       0x14 ./Drivers/STM32F1xx_HAL_Driver/Src/stm32f1xx_hal_rcc.o
                0x0000000008002154                HAL_RCC_GetHCLKFreq
 .text.HAL_RCC_GetPCLK1Freq
                0x0000000008002168       0x28 ./Drivers/STM32F1xx_HAL_Driver/Src/stm32f1xx_hal_rcc.o
                0x0000000008002168                HAL_RCC_GetPCLK1Freq
 .text.HAL_RCC_GetPCLK2Freq
                0x0000000008002190       0x28 ./Drivers/STM32F1xx_HAL_Driver/Src/stm32f1xx_hal_rcc.o
                0x0000000008002190                HAL_RCC_GetPCLK2Freq
 .text.RCC_Delay
                0x00000000080021b8       0x3c ./Drivers/STM32F1xx_HAL_Driver/Src/stm32f1xx_hal_rcc.o
 .text.HAL_UART_Init
                0x00000000080021f4       0xa0 ./Drivers/STM32F1xx_HAL_Driver/Src/stm32f1xx_hal_uart.o
                0x00000000080021f4                HAL_UART_Init
 .text.UART_SetConfig
                0x0000000008002294      0x11c ./Drivers/STM32F1xx_HAL_Driver/Src/stm32f1xx_hal_uart.o
 .text.__errno  0x00000000080023b0        0xc c:/st/stm32cubeide_1.9.0/stm32cubeide/plugins/com.st.stm32cube.ide.mcu.externaltools.gnu-tools-for-stm32.10.3-2021.10.win32_1.0.0.202111181127/tools/bin/../lib/gcc/arm-none-eabi/10.3.1/../../../../arm-none-eabi/lib/thumb/v7-m/nofp\libc_nano.a(lib_a-errno.o)
                0x00000000080023b0                __errno
 .text.__libc_init_array
                0x00000000080023bc       0x48 c:/st/stm32cubeide_1.9.0/stm32cubeide/plugins/com.st.stm32cube.ide.mcu.externaltools.gnu-tools-for-stm32.10.3-2021.10.win32_1.0.0.202111181127/tools/bin/../lib/gcc/arm-none-eabi/10.3.1/../../../../arm-none-eabi/lib/thumb/v7-m/nofp\libc_nano.a(lib_a-init.o)
                0x00000000080023bc                __libc_init_array
 .text.memset   0x0000000008002404       0x10 c:/st/stm32cubeide_1.9.0/stm32cubeide/plugins/com.st.stm32cube.ide.mcu.externaltools.gnu-tools-for-stm32.10.3-2021.10.win32_1.0.0.202111181127/tools/bin/../lib/gcc/arm-none-eabi/10.3.1/../../../../arm-none-eabi/lib/thumb/v7-m/nofp\libc_nano.a(lib_a-memset.o)
                0x0000000008002404                memset
 .text.sprintf  0x0000000008002414       0x40 c:/st/stm32cubeide_1.9.0/stm32cubeide/plugins/com.st.stm32cube.ide.mcu.externaltools.gnu-tools-for-stm32.10.3-2021.10.win32_1.0.0.202111181127/tools/bin/../lib/gcc/arm-none-eabi/10.3.1/../../../../arm-none-eabi/lib/thumb/v7-m/nofp\libc_nano.a(lib_a-sprintf.o)
                0x0000000008002414                siprintf
                0x0000000008002414                sprintf
 .text.__ssputs_r
                0x0000000008002454       0xb6 c:/st/stm32cubeide_1.9.0/stm32cubeide/plugins/com.st.stm32cube.ide.mcu.externaltools.gnu-tools-for-stm32.10.3-2021.10.win32_1.0.0.202111181127/tools/bin/../lib/gcc/arm-none-eabi/10.3.1/../../../../arm-none-eabi/lib/thumb/v7-m/nofp\libc_nano.a(lib_a-nano-svfprintf.o)
                0x0000000008002454                __ssputs_r
 *fill*         0x000000000800250a        0x2 
 .text._svfprintf_r
                0x000000000800250c      0x200 c:/st/stm32cubeide_1.9.0/stm32cubeide/plugins/com.st.stm32cube.ide.mcu.externaltools.gnu-tools-for-stm32.10.3-2021.10.win32_1.0.0.202111181127/tools/bin/../lib/gcc/arm-none-eabi/10.3.1/../../../../arm-none-eabi/lib/thumb/v7-m/nofp\libc_nano.a(lib_a-nano-svfprintf.o)
                0x000000000800250c                _svfiprintf_r
                0x000000000800250c                _svfprintf_r
 .text._printf_common
                0x000000000800270c       0xde c:/st/stm32cubeide_1.9.0/stm32cubeide/plugins/com.st.stm32cube.ide.mcu.externaltools.gnu-tools-for-stm32.10.3-2021.10.win32_1.0.0.202111181127/tools/bin/../lib/gcc/arm-none-eabi/10.3.1/../../../../arm-none-eabi/lib/thumb/v7-m/nofp\libc_nano.a(lib_a-nano-vfprintf_i.o)
                0x000000000800270c                _printf_common
 *fill*         0x00000000080027ea        0x2 
 .text._printf_i
                0x00000000080027ec      0x24c c:/st/stm32cubeide_1.9.0/stm32cubeide/plugins/com.st.stm32cube.ide.mcu.externaltools.gnu-tools-for-stm32.10.3-2021.10.win32_1.0.0.202111181127/tools/bin/../lib/gcc/arm-none-eabi/10.3.1/../../../../arm-none-eabi/lib/thumb/v7-m/nofp\libc_nano.a(lib_a-nano-vfprintf_i.o)
                0x00000000080027ec                _printf_i
 .text.memchr   0x0000000008002a38       0x1c c:/st/stm32cubeide_1.9.0/stm32cubeide/plugins/com.st.stm32cube.ide.mcu.externaltools.gnu-tools-for-stm32.10.3-2021.10.win32_1.0.0.202111181127/tools/bin/../lib/gcc/arm-none-eabi/10.3.1/../../../../arm-none-eabi/lib/thumb/v7-m/nofp\libc_nano.a(lib_a-memchr-stub.o)
                0x0000000008002a38                memchr
 .text.memcpy   0x0000000008002a54       0x1c c:/st/stm32cubeide_1.9.0/stm32cubeide/plugins/com.st.stm32cube.ide.mcu.externaltools.gnu-tools-for-stm32.10.3-2021.10.win32_1.0.0.202111181127/tools/bin/../lib/gcc/arm-none-eabi/10.3.1/../../../../arm-none-eabi/lib/thumb/v7-m/nofp\libc_nano.a(lib_a-memcpy-stub.o)
                0x0000000008002a54                memcpy
 .text.memmove  0x0000000008002a70       0x34 c:/st/stm32cubeide_1.9.0/stm32cubeide/plugins/com.st.stm32cube.ide.mcu.externaltools.gnu-tools-for-stm32.10.3-2021.10.win32_1.0.0.202111181127/tools/bin/../lib/gcc/arm-none-eabi/10.3.1/../../../../arm-none-eabi/lib/thumb/v7-m/nofp\libc_nano.a(lib_a-memmove.o)
                0x0000000008002a70                memmove
 .text._free_r  0x0000000008002aa4       0x90 c:/st/stm32cubeide_1.9.0/stm32cubeide/plugins/com.st.stm32cube.ide.mcu.externaltools.gnu-tools-for-stm32.10.3-2021.10.win32_1.0.0.202111181127/tools/bin/../lib/gcc/arm-none-eabi/10.3.1/../../../../arm-none-eabi/lib/thumb/v7-m/nofp\libc_nano.a(lib_a-nano-freer.o)
                0x0000000008002aa4                _free_r
 .text.sbrk_aligned
                0x0000000008002b34       0x40 c:/st/stm32cubeide_1.9.0/stm32cubeide/plugins/com.st.stm32cube.ide.mcu.externaltools.gnu-tools-for-stm32.10.3-2021.10.win32_1.0.0.202111181127/tools/bin/../lib/gcc/arm-none-eabi/10.3.1/../../../../arm-none-eabi/lib/thumb/v7-m/nofp\libc_nano.a(lib_a-nano-mallocr.o)
 .text._malloc_r
                0x0000000008002b74       0xe8 c:/st/stm32cubeide_1.9.0/stm32cubeide/plugins/com.st.stm32cube.ide.mcu.externaltools.gnu-tools-for-stm32.10.3-2021.10.win32_1.0.0.202111181127/tools/bin/../lib/gcc/arm-none-eabi/10.3.1/../../../../arm-none-eabi/lib/thumb/v7-m/nofp\libc_nano.a(lib_a-nano-mallocr.o)
                0x0000000008002b74                _malloc_r
 .text._realloc_r
                0x0000000008002c5c       0x5e c:/st/stm32cubeide_1.9.0/stm32cubeide/plugins/com.st.stm32cube.ide.mcu.externaltools.gnu-tools-for-stm32.10.3-2021.10.win32_1.0.0.202111181127/tools/bin/../lib/gcc/arm-none-eabi/10.3.1/../../../../arm-none-eabi/lib/thumb/v7-m/nofp\libc_nano.a(lib_a-nano-reallocr.o)
                0x0000000008002c5c                _realloc_r
 *fill*         0x0000000008002cba        0x2 
 .text._sbrk_r  0x0000000008002cbc       0x20 c:/st/stm32cubeide_1.9.0/stm32cubeide/plugins/com.st.stm32cube.ide.mcu.externaltools.gnu-tools-for-stm32.10.3-2021.10.win32_1.0.0.202111181127/tools/bin/../lib/gcc/arm-none-eabi/10.3.1/../../../../arm-none-eabi/lib/thumb/v7-m/nofp\libc_nano.a(lib_a-sbrkr.o)
                0x0000000008002cbc                _sbrk_r
 .text.__malloc_lock
                0x0000000008002cdc        0xc c:/st/stm32cubeide_1.9.0/stm32cubeide/plugins/com.st.stm32cube.ide.mcu.externaltools.gnu-tools-for-stm32.10.3-2021.10.win32_1.0.0.202111181127/tools/bin/../lib/gcc/arm-none-eabi/10.3.1/../../../../arm-none-eabi/lib/thumb/v7-m/nofp\libc_nano.a(lib_a-mlock.o)
                0x0000000008002cdc                __malloc_lock
 .text.__malloc_unlock
                0x0000000008002ce8        0xc c:/st/stm32cubeide_1.9.0/stm32cubeide/plugins/com.st.stm32cube.ide.mcu.externaltools.gnu-tools-for-stm32.10.3-2021.10.win32_1.0.0.202111181127/tools/bin/../lib/gcc/arm-none-eabi/10.3.1/../../../../arm-none-eabi/lib/thumb/v7-m/nofp\libc_nano.a(lib_a-mlock.o)
                0x0000000008002ce8                __malloc_unlock
 .text._malloc_usable_size_r
                0x0000000008002cf4       0x10 c:/st/stm32cubeide_1.9.0/stm32cubeide/plugins/com.st.stm32cube.ide.mcu.externaltools.gnu-tools-for-stm32.10.3-2021.10.win32_1.0.0.202111181127/tools/bin/../lib/gcc/arm-none-eabi/10.3.1/../../../../arm-none-eabi/lib/thumb/v7-m/nofp\libc_nano.a(lib_a-nano-msizer.o)
                0x0000000008002cf4                _malloc_usable_size_r
 .text.__retarget_lock_acquire_recursive
                0x0000000008002d04        0x2 c:/st/stm32cubeide_1.9.0/stm32cubeide/plugins/com.st.stm32cube.ide.mcu.externaltools.gnu-tools-for-stm32.10.3-2021.10.win32_1.0.0.202111181127/tools/bin/../lib/gcc/arm-none-eabi/10.3.1/../../../../arm-none-eabi/lib/thumb/v7-m/nofp\libc_nano.a(lib_a-lock.o)
                0x0000000008002d04                __retarget_lock_acquire_recursive
 .text.__retarget_lock_release_recursive
                0x0000000008002d06        0x2 c:/st/stm32cubeide_1.9.0/stm32cubeide/plugins/com.st.stm32cube.ide.mcu.externaltools.gnu-tools-for-stm32.10.3-2021.10.win32_1.0.0.202111181127/tools/bin/../lib/gcc/arm-none-eabi/10.3.1/../../../../arm-none-eabi/lib/thumb/v7-m/nofp\libc_nano.a(lib_a-lock.o)
                0x0000000008002d06                __retarget_lock_release_recursive
 *(.glue_7)
 .glue_7        0x0000000008002d08        0x0 linker stubs
 *(.glue_7t)
 .glue_7t       0x0000000008002d08        0x0 linker stubs
 *(.eh_frame)
 .eh_frame      0x0000000008002d08        0x0 c:/st/stm32cubeide_1.9.0/stm32cubeide/plugins/com.st.stm32cube.ide.mcu.externaltools.gnu-tools-for-stm32.10.3-2021.10.win32_1.0.0.202111181127/tools/bin/../lib/gcc/arm-none-eabi/10.3.1/thumb/v7-m/nofp/crtbegin.o
 *(.init)
 .init          0x0000000008002d08        0x4 c:/st/stm32cubeide_1.9.0/stm32cubeide/plugins/com.st.stm32cube.ide.mcu.externaltools.gnu-tools-for-stm32.10.3-2021.10.win32_1.0.0.202111181127/tools/bin/../lib/gcc/arm-none-eabi/10.3.1/thumb/v7-m/nofp/crti.o
                0x0000000008002d08                _init
 .init          0x0000000008002d0c        0x8 c:/st/stm32cubeide_1.9.0/stm32cubeide/plugins/com.st.stm32cube.ide.mcu.externaltools.gnu-tools-for-stm32.10.3-2021.10.win32_1.0.0.202111181127/tools/bin/../lib/gcc/arm-none-eabi/10.3.1/thumb/v7-m/nofp/crtn.o
 *(.fini)
 .fini          0x0000000008002d14        0x4 c:/st/stm32cubeide_1.9.0/stm32cubeide/plugins/com.st.stm32cube.ide.mcu.externaltools.gnu-tools-for-stm32.10.3-2021.10.win32_1.0.0.202111181127/tools/bin/../lib/gcc/arm-none-eabi/10.3.1/thumb/v7-m/nofp/crti.o
                0x0000000008002d14                _fini
 .fini          0x0000000008002d18        0x8 c:/st/stm32cubeide_1.9.0/stm32cubeide/plugins/com.st.stm32cube.ide.mcu.externaltools.gnu-tools-for-stm32.10.3-2021.10.win32_1.0.0.202111181127/tools/bin/../lib/gcc/arm-none-eabi/10.3.1/thumb/v7-m/nofp/crtn.o
                0x0000000008002d20                . = ALIGN (0x4)
                0x0000000008002d20                _etext = .

.vfp11_veneer   0x0000000008002d20        0x0
 .vfp11_veneer  0x0000000008002d20        0x0 linker stubs

.v4_bx          0x0000000008002d20        0x0
 .v4_bx         0x0000000008002d20        0x0 linker stubs

.iplt           0x0000000008002d20        0x0
 .iplt          0x0000000008002d20        0x0 c:/st/stm32cubeide_1.9.0/stm32cubeide/plugins/com.st.stm32cube.ide.mcu.externaltools.gnu-tools-for-stm32.10.3-2021.10.win32_1.0.0.202111181127/tools/bin/../lib/gcc/arm-none-eabi/10.3.1/thumb/v7-m/nofp/crtbegin.o

.rodata         0x0000000008002d20       0x98
                0x0000000008002d20                . = ALIGN (0x4)
 *(.rodata)
 .rodata        0x0000000008002d20       0x36 ./Core/Src/main.o
 *(.rodata*)
 *fill*         0x0000000008002d56        0x2 
 .rodata.AHBPrescTable
                0x0000000008002d58       0x10 ./Core/Src/system_stm32f1xx.o
                0x0000000008002d58                AHBPrescTable
 .rodata.APBPrescTable
                0x0000000008002d68        0x8 ./Core/Src/system_stm32f1xx.o
                0x0000000008002d68                APBPrescTable
 .rodata.aPLLMULFactorTable.1
                0x0000000008002d70       0x10 ./Drivers/STM32F1xx_HAL_Driver/Src/stm32f1xx_hal_rcc.o
 .rodata.aPredivFactorTable.0
                0x0000000008002d80        0x2 ./Drivers/STM32F1xx_HAL_Driver/Src/stm32f1xx_hal_rcc.o
 .rodata._svfprintf_r.str1.1
                0x0000000008002d82       0x11 c:/st/stm32cubeide_1.9.0/stm32cubeide/plugins/com.st.stm32cube.ide.mcu.externaltools.gnu-tools-for-stm32.10.3-2021.10.win32_1.0.0.202111181127/tools/bin/../lib/gcc/arm-none-eabi/10.3.1/../../../../arm-none-eabi/lib/thumb/v7-m/nofp\libc_nano.a(lib_a-nano-svfprintf.o)
 .rodata._printf_i.str1.1
                0x0000000008002d93       0x22 c:/st/stm32cubeide_1.9.0/stm32cubeide/plugins/com.st.stm32cube.ide.mcu.externaltools.gnu-tools-for-stm32.10.3-2021.10.win32_1.0.0.202111181127/tools/bin/../lib/gcc/arm-none-eabi/10.3.1/../../../../arm-none-eabi/lib/thumb/v7-m/nofp\libc_nano.a(lib_a-nano-vfprintf_i.o)
                0x0000000008002db8                . = ALIGN (0x4)
 *fill*         0x0000000008002db5        0x3 

.rel.dyn        0x0000000008002db8        0x0
 .rel.iplt      0x0000000008002db8        0x0 c:/st/stm32cubeide_1.9.0/stm32cubeide/plugins/com.st.stm32cube.ide.mcu.externaltools.gnu-tools-for-stm32.10.3-2021.10.win32_1.0.0.202111181127/tools/bin/../lib/gcc/arm-none-eabi/10.3.1/thumb/v7-m/nofp/crtbegin.o

.ARM.extab      0x0000000008002db8        0x0
                0x0000000008002db8                . = ALIGN (0x4)
 *(.ARM.extab* .gnu.linkonce.armextab.*)
                0x0000000008002db8                . = ALIGN (0x4)

.ARM            0x0000000008002db8        0x0
                0x0000000008002db8                . = ALIGN (0x4)
                0x0000000008002db8                __exidx_start = .
 *(.ARM.exidx*)
                0x0000000008002db8                __exidx_end = .
                0x0000000008002db8                . = ALIGN (0x4)

.preinit_array  0x0000000008002db8        0x0
                0x0000000008002db8                . = ALIGN (0x4)
                0x0000000008002db8                PROVIDE (__preinit_array_start = .)
 *(.preinit_array*)
                0x0000000008002db8                PROVIDE (__preinit_array_end = .)
                0x0000000008002db8                . = ALIGN (0x4)

.init_array     0x0000000008002db8        0x4
                0x0000000008002db8                . = ALIGN (0x4)
                0x0000000008002db8                PROVIDE (__init_array_start = .)
 *(SORT_BY_NAME(.init_array.*))
 *(.init_array*)
 .init_array    0x0000000008002db8        0x4 c:/st/stm32cubeide_1.9.0/stm32cubeide/plugins/com.st.stm32cube.ide.mcu.externaltools.gnu-tools-for-stm32.10.3-2021.10.win32_1.0.0.202111181127/tools/bin/../lib/gcc/arm-none-eabi/10.3.1/thumb/v7-m/nofp/crtbegin.o
                0x0000000008002dbc                PROVIDE (__init_array_end = .)
                0x0000000008002dbc                . = ALIGN (0x4)

.fini_array     0x0000000008002dbc        0x4
                0x0000000008002dbc                . = ALIGN (0x4)
                [!provide]                        PROVIDE (__fini_array_start = .)
 *(SORT_BY_NAME(.fini_array.*))
 *(.fini_array*)
 .fini_array    0x0000000008002dbc        0x4 c:/st/stm32cubeide_1.9.0/stm32cubeide/plugins/com.st.stm32cube.ide.mcu.externaltools.gnu-tools-for-stm32.10.3-2021.10.win32_1.0.0.202111181127/tools/bin/../lib/gcc/arm-none-eabi/10.3.1/thumb/v7-m/nofp/crtbegin.o
                [!provide]                        PROVIDE (__fini_array_end = .)
                0x0000000008002dc0                . = ALIGN (0x4)
                0x0000000008002dc0                _sidata = LOADADDR (.data)

.data           0x0000000020000000       0x70 load address 0x0000000008002dc0
                0x0000000020000000                . = ALIGN (0x4)
                0x0000000020000000                _sdata = .
 *(.data)
 *(.data*)
 .data.SystemCoreClock
                0x0000000020000000        0x4 ./Core/Src/system_stm32f1xx.o
                0x0000000020000000                SystemCoreClock
 .data.uwTickPrio
                0x0000000020000004        0x4 ./Drivers/STM32F1xx_HAL_Driver/Src/stm32f1xx_hal.o
                0x0000000020000004                uwTickPrio
 .data.uwTickFreq
                0x0000000020000008        0x1 ./Drivers/STM32F1xx_HAL_Driver/Src/stm32f1xx_hal.o
                0x0000000020000008                uwTickFreq
 *fill*         0x0000000020000009        0x3 
 .data._impure_ptr
                0x000000002000000c        0x4 c:/st/stm32cubeide_1.9.0/stm32cubeide/plugins/com.st.stm32cube.ide.mcu.externaltools.gnu-tools-for-stm32.10.3-2021.10.win32_1.0.0.202111181127/tools/bin/../lib/gcc/arm-none-eabi/10.3.1/../../../../arm-none-eabi/lib/thumb/v7-m/nofp\libc_nano.a(lib_a-impure.o)
                0x000000002000000c                _impure_ptr
 .data.impure_data
                0x0000000020000010       0x60 c:/st/stm32cubeide_1.9.0/stm32cubeide/plugins/com.st.stm32cube.ide.mcu.externaltools.gnu-tools-for-stm32.10.3-2021.10.win32_1.0.0.202111181127/tools/bin/../lib/gcc/arm-none-eabi/10.3.1/../../../../arm-none-eabi/lib/thumb/v7-m/nofp\libc_nano.a(lib_a-impure.o)
 *(.RamFunc)
 *(.RamFunc*)
                0x0000000020000070                . = ALIGN (0x4)
                0x0000000020000070                _edata = .

.igot.plt       0x0000000020000070        0x0 load address 0x0000000008002e30
 .igot.plt      0x0000000020000070        0x0 c:/st/stm32cubeide_1.9.0/stm32cubeide/plugins/com.st.stm32cube.ide.mcu.externaltools.gnu-tools-for-stm32.10.3-2021.10.win32_1.0.0.202111181127/tools/bin/../lib/gcc/arm-none-eabi/10.3.1/thumb/v7-m/nofp/crtbegin.o
                0x0000000020000070                . = ALIGN (0x4)

.bss            0x0000000020000070       0xa4 load address 0x0000000008002e30
                0x0000000020000070                _sbss = .
                0x0000000020000070                __bss_start__ = _sbss
 *(.bss)
 .bss           0x0000000020000070       0x1c c:/st/stm32cubeide_1.9.0/stm32cubeide/plugins/com.st.stm32cube.ide.mcu.externaltools.gnu-tools-for-stm32.10.3-2021.10.win32_1.0.0.202111181127/tools/bin/../lib/gcc/arm-none-eabi/10.3.1/thumb/v7-m/nofp/crtbegin.o
 *(.bss*)
 .bss.hcan      0x000000002000008c       0x28 ./Core/Src/main.o
                0x000000002000008c                hcan
 .bss.huart1    0x00000000200000b4       0x48 ./Core/Src/main.o
                0x00000000200000b4                huart1
 .bss.__sbrk_heap_end
                0x00000000200000fc        0x4 ./Core/Src/sysmem.o
 .bss.uwTick    0x0000000020000100        0x4 ./Drivers/STM32F1xx_HAL_Driver/Src/stm32f1xx_hal.o
                0x0000000020000100                uwTick
 .bss.__malloc_free_list
                0x0000000020000104        0x4 c:/st/stm32cubeide_1.9.0/stm32cubeide/plugins/com.st.stm32cube.ide.mcu.externaltools.gnu-tools-for-stm32.10.3-2021.10.win32_1.0.0.202111181127/tools/bin/../lib/gcc/arm-none-eabi/10.3.1/../../../../arm-none-eabi/lib/thumb/v7-m/nofp\libc_nano.a(lib_a-nano-mallocr.o)
                0x0000000020000104                __malloc_free_list
 .bss.__malloc_sbrk_start
                0x0000000020000108        0x4 c:/st/stm32cubeide_1.9.0/stm32cubeide/plugins/com.st.stm32cube.ide.mcu.externaltools.gnu-tools-for-stm32.10.3-2021.10.win32_1.0.0.202111181127/tools/bin/../lib/gcc/arm-none-eabi/10.3.1/../../../../arm-none-eabi/lib/thumb/v7-m/nofp\libc_nano.a(lib_a-nano-mallocr.o)
                0x0000000020000108                __malloc_sbrk_start
 .bss.errno     0x000000002000010c        0x4 c:/st/stm32cubeide_1.9.0/stm32cubeide/plugins/com.st.stm32cube.ide.mcu.externaltools.gnu-tools-for-stm32.10.3-2021.10.win32_1.0.0.202111181127/tools/bin/../lib/gcc/arm-none-eabi/10.3.1/../../../../arm-none-eabi/lib/thumb/v7-m/nofp\libc_nano.a(lib_a-reent.o)
                0x000000002000010c                errno
 .bss.__lock___malloc_recursive_mutex
                0x0000000020000110        0x1 c:/st/stm32cubeide_1.9.0/stm32cubeide/plugins/com.st.stm32cube.ide.mcu.externaltools.gnu-tools-for-stm32.10.3-2021.10.win32_1.0.0.202111181127/tools/bin/../lib/gcc/arm-none-eabi/10.3.1/../../../../arm-none-eabi/lib/thumb/v7-m/nofp\libc_nano.a(lib_a-lock.o)
                0x0000000020000110                __lock___malloc_recursive_mutex
 *(COMMON)
                0x0000000020000114                . = ALIGN (0x4)
 *fill*         0x0000000020000111        0x3 
                0x0000000020000114                _ebss = .
                0x0000000020000114                __bss_end__ = _ebss

._user_heap_stack
                0x0000000020000114      0x604 load address 0x0000000008002e30
                0x0000000020000118                . = ALIGN (0x8)
 *fill*         0x0000000020000114        0x4 
                [!provide]                        PROVIDE (end = .)
                0x0000000020000118                PROVIDE (_end = .)
                0x0000000020000318                . = (. + _Min_Heap_Size)
 *fill*         0x0000000020000118      0x200 
                0x0000000020000718                . = (. + _Min_Stack_Size)
 *fill*         0x0000000020000318      0x400 
                0x0000000020000718                . = ALIGN (0x8)

/DISCARD/
 libc.a(*)
 libm.a(*)
 libgcc.a(*)

.ARM.attributes
                0x0000000000000000       0x29
 *(.ARM.attributes)
 .ARM.attributes
                0x0000000000000000       0x1d c:/st/stm32cubeide_1.9.0/stm32cubeide/plugins/com.st.stm32cube.ide.mcu.externaltools.gnu-tools-for-stm32.10.3-2021.10.win32_1.0.0.202111181127/tools/bin/../lib/gcc/arm-none-eabi/10.3.1/thumb/v7-m/nofp/crti.o
 .ARM.attributes
                0x000000000000001d       0x2d c:/st/stm32cubeide_1.9.0/stm32cubeide/plugins/com.st.stm32cube.ide.mcu.externaltools.gnu-tools-for-stm32.10.3-2021.10.win32_1.0.0.202111181127/tools/bin/../lib/gcc/arm-none-eabi/10.3.1/thumb/v7-m/nofp/crtbegin.o
 .ARM.attributes
                0x000000000000004a       0x2d ./Core/Src/main.o
 .ARM.attributes
                0x0000000000000077       0x2d ./Core/Src/stm32f1xx_hal_msp.o
 .ARM.attributes
                0x00000000000000a4       0x2d ./Core/Src/stm32f1xx_it.o
 .ARM.attributes
                0x00000000000000d1       0x2d ./Core/Src/sysmem.o
 .ARM.attributes
                0x00000000000000fe       0x2d ./Core/Src/system_stm32f1xx.o
 .ARM.attributes
                0x000000000000012b       0x21 ./Core/Startup/startup_stm32f103c8tx.o
 .ARM.attributes
                0x000000000000014c       0x2d ./Drivers/STM32F1xx_HAL_Driver/Src/stm32f1xx_hal.o
 .ARM.attributes
                0x0000000000000179       0x2d ./Drivers/STM32F1xx_HAL_Driver/Src/stm32f1xx_hal_can.o
 .ARM.attributes
                0x00000000000001a6       0x2d ./Drivers/STM32F1xx_HAL_Driver/Src/stm32f1xx_hal_cortex.o
 .ARM.attributes
                0x00000000000001d3       0x2d ./Drivers/STM32F1xx_HAL_Driver/Src/stm32f1xx_hal_gpio.o
 .ARM.attributes
                0x0000000000000200       0x2d ./Drivers/STM32F1xx_HAL_Driver/Src/stm32f1xx_hal_rcc.o
 .ARM.attributes
                0x000000000000022d       0x2d ./Drivers/STM32F1xx_HAL_Driver/Src/stm32f1xx_hal_uart.o
 .ARM.attributes
                0x000000000000025a       0x2d c:/st/stm32cubeide_1.9.0/stm32cubeide/plugins/com.st.stm32cube.ide.mcu.externaltools.gnu-tools-for-stm32.10.3-2021.10.win32_1.0.0.202111181127/tools/bin/../lib/gcc/arm-none-eabi/10.3.1/../../../../arm-none-eabi/lib/thumb/v7-m/nofp\libc_nano.a(lib_a-errno.o)
 .ARM.attributes
                0x0000000000000287       0x2d c:/st/stm32cubeide_1.9.0/stm32cubeide/plugins/com.st.stm32cube.ide.mcu.externaltools.gnu-tools-for-stm32.10.3-2021.10.win32_1.0.0.202111181127/tools/bin/../lib/gcc/arm-none-eabi/10.3.1/../../../../arm-none-eabi/lib/thumb/v7-m/nofp\libc_nano.a(lib_a-impure.o)
 .ARM.attributes
                0x00000000000002b4       0x2d c:/st/stm32cubeide_1.9.0/stm32cubeide/plugins/com.st.stm32cube.ide.mcu.externaltools.gnu-tools-for-stm32.10.3-2021.10.win32_1.0.0.202111181127/tools/bin/../lib/gcc/arm-none-eabi/10.3.1/../../../../arm-none-eabi/lib/thumb/v7-m/nofp\libc_nano.a(lib_a-init.o)
 .ARM.attributes
                0x00000000000002e1       0x2d c:/st/stm32cubeide_1.9.0/stm32cubeide/plugins/com.st.stm32cube.ide.mcu.externaltools.gnu-tools-for-stm32.10.3-2021.10.win32_1.0.0.202111181127/tools/bin/../lib/gcc/arm-none-eabi/10.3.1/../../../../arm-none-eabi/lib/thumb/v7-m/nofp\libc_nano.a(lib_a-memset.o)
 .ARM.attributes
                0x000000000000030e       0x2d c:/st/stm32cubeide_1.9.0/stm32cubeide/plugins/com.st.stm32cube.ide.mcu.externaltools.gnu-tools-for-stm32.10.3-2021.10.win32_1.0.0.202111181127/tools/bin/../lib/gcc/arm-none-eabi/10.3.1/../../../../arm-none-eabi/lib/thumb/v7-m/nofp\libc_nano.a(lib_a-sprintf.o)
 .ARM.attributes
                0x000000000000033b       0x2d c:/st/stm32cubeide_1.9.0/stm32cubeide/plugins/com.st.stm32cube.ide.mcu.externaltools.gnu-tools-for-stm32.10.3-2021.10.win32_1.0.0.202111181127/tools/bin/../lib/gcc/arm-none-eabi/10.3.1/../../../../arm-none-eabi/lib/thumb/v7-m/nofp\libc_nano.a(lib_a-nano-svfprintf.o)
 .ARM.attributes
                0x0000000000000368       0x2d c:/st/stm32cubeide_1.9.0/stm32cubeide/plugins/com.st.stm32cube.ide.mcu.externaltools.gnu-tools-for-stm32.10.3-2021.10.win32_1.0.0.202111181127/tools/bin/../lib/gcc/arm-none-eabi/10.3.1/../../../../arm-none-eabi/lib/thumb/v7-m/nofp\libc_nano.a(lib_a-nano-vfprintf_i.o)
 .ARM.attributes
                0x0000000000000395       0x2d c:/st/stm32cubeide_1.9.0/stm32cubeide/plugins/com.st.stm32cube.ide.mcu.externaltools.gnu-tools-for-stm32.10.3-2021.10.win32_1.0.0.202111181127/tools/bin/../lib/gcc/arm-none-eabi/10.3.1/../../../../arm-none-eabi/lib/thumb/v7-m/nofp\libc_nano.a(lib_a-memchr-stub.o)
 .ARM.attributes
                0x00000000000003c2       0x2d c:/st/stm32cubeide_1.9.0/stm32cubeide/plugins/com.st.stm32cube.ide.mcu.externaltools.gnu-tools-for-stm32.10.3-2021.10.win32_1.0.0.202111181127/tools/bin/../lib/gcc/arm-none-eabi/10.3.1/../../../../arm-none-eabi/lib/thumb/v7-m/nofp\libc_nano.a(lib_a-memcpy-stub.o)
 .ARM.attributes
                0x00000000000003ef       0x2d c:/st/stm32cubeide_1.9.0/stm32cubeide/plugins/com.st.stm32cube.ide.mcu.externaltools.gnu-tools-for-stm32.10.3-2021.10.win32_1.0.0.202111181127/tools/bin/../lib/gcc/arm-none-eabi/10.3.1/../../../../arm-none-eabi/lib/thumb/v7-m/nofp\libc_nano.a(lib_a-memmove.o)
 .ARM.attributes
                0x000000000000041c       0x2d c:/st/stm32cubeide_1.9.0/stm32cubeide/plugins/com.st.stm32cube.ide.mcu.externaltools.gnu-tools-for-stm32.10.3-2021.10.win32_1.0.0.202111181127/tools/bin/../lib/gcc/arm-none-eabi/10.3.1/../../../../arm-none-eabi/lib/thumb/v7-m/nofp\libc_nano.a(lib_a-nano-freer.o)
 .ARM.attributes
                0x0000000000000449       0x2d c:/st/stm32cubeide_1.9.0/stm32cubeide/plugins/com.st.stm32cube.ide.mcu.externaltools.gnu-tools-for-stm32.10.3-2021.10.win32_1.0.0.202111181127/tools/bin/../lib/gcc/arm-none-eabi/10.3.1/../../../../arm-none-eabi/lib/thumb/v7-m/nofp\libc_nano.a(lib_a-nano-mallocr.o)
 .ARM.attributes
                0x0000000000000476       0x2d c:/st/stm32cubeide_1.9.0/stm32cubeide/plugins/com.st.stm32cube.ide.mcu.externaltools.gnu-tools-for-stm32.10.3-2021.10.win32_1.0.0.202111181127/tools/bin/../lib/gcc/arm-none-eabi/10.3.1/../../../../arm-none-eabi/lib/thumb/v7-m/nofp\libc_nano.a(lib_a-nano-reallocr.o)
 .ARM.attributes
                0x00000000000004a3       0x2d c:/st/stm32cubeide_1.9.0/stm32cubeide/plugins/com.st.stm32cube.ide.mcu.externaltools.gnu-tools-for-stm32.10.3-2021.10.win32_1.0.0.202111181127/tools/bin/../lib/gcc/arm-none-eabi/10.3.1/../../../../arm-none-eabi/lib/thumb/v7-m/nofp\libc_nano.a(lib_a-sbrkr.o)
 .ARM.attributes
                0x00000000000004d0       0x2d c:/st/stm32cubeide_1.9.0/stm32cubeide/plugins/com.st.stm32cube.ide.mcu.externaltools.gnu-tools-for-stm32.10.3-2021.10.win32_1.0.0.202111181127/tools/bin/../lib/gcc/arm-none-eabi/10.3.1/../../../../arm-none-eabi/lib/thumb/v7-m/nofp\libc_nano.a(lib_a-mlock.o)
 .ARM.attributes
                0x00000000000004fd       0x2d c:/st/stm32cubeide_1.9.0/stm32cubeide/plugins/com.st.stm32cube.ide.mcu.externaltools.gnu-tools-for-stm32.10.3-2021.10.win32_1.0.0.202111181127/tools/bin/../lib/gcc/arm-none-eabi/10.3.1/../../../../arm-none-eabi/lib/thumb/v7-m/nofp\libc_nano.a(lib_a-nano-msizer.o)
 .ARM.attributes
                0x000000000000052a       0x2d c:/st/stm32cubeide_1.9.0/stm32cubeide/plugins/com.st.stm32cube.ide.mcu.externaltools.gnu-tools-for-stm32.10.3-2021.10.win32_1.0.0.202111181127/tools/bin/../lib/gcc/arm-none-eabi/10.3.1/../../../../arm-none-eabi/lib/thumb/v7-m/nofp\libc_nano.a(lib_a-reent.o)
 .ARM.attributes
                0x0000000000000557       0x2d c:/st/stm32cubeide_1.9.0/stm32cubeide/plugins/com.st.stm32cube.ide.mcu.externaltools.gnu-tools-for-stm32.10.3-2021.10.win32_1.0.0.202111181127/tools/bin/../lib/gcc/arm-none-eabi/10.3.1/../../../../arm-none-eabi/lib/thumb/v7-m/nofp\libc_nano.a(lib_a-lock.o)
 .ARM.attributes
                0x0000000000000584       0x1d c:/st/stm32cubeide_1.9.0/stm32cubeide/plugins/com.st.stm32cube.ide.mcu.externaltools.gnu-tools-for-stm32.10.3-2021.10.win32_1.0.0.202111181127/tools/bin/../lib/gcc/arm-none-eabi/10.3.1/thumb/v7-m/nofp/crtn.o
OUTPUT(CAN_LoopBack_IT.elf elf32-littlearm)
LOAD linker stubs
LOAD c:/st/stm32cubeide_1.9.0/stm32cubeide/plugins/com.st.stm32cube.ide.mcu.externaltools.gnu-tools-for-stm32.10.3-2021.10.win32_1.0.0.202111181127/tools/bin/../lib/gcc/arm-none-eabi/10.3.1/../../../../arm-none-eabi/lib/thumb/v7-m/nofp\libc.a
LOAD c:/st/stm32cubeide_1.9.0/stm32cubeide/plugins/com.st.stm32cube.ide.mcu.externaltools.gnu-tools-for-stm32.10.3-2021.10.win32_1.0.0.202111181127/tools/bin/../lib/gcc/arm-none-eabi/10.3.1/../../../../arm-none-eabi/lib/thumb/v7-m/nofp\libm.a
LOAD c:/st/stm32cubeide_1.9.0/stm32cubeide/plugins/com.st.stm32cube.ide.mcu.externaltools.gnu-tools-for-stm32.10.3-2021.10.win32_1.0.0.202111181127/tools/bin/../lib/gcc/arm-none-eabi/10.3.1/thumb/v7-m/nofp\libgcc.a

.debug_info     0x0000000000000000     0x8b04
 .debug_info    0x0000000000000000     0x110e ./Core/Src/main.o
 .debug_info    0x000000000000110e      0xe54 ./Core/Src/stm32f1xx_hal_msp.o
 .debug_info    0x0000000000001f62      0x57b ./Core/Src/stm32f1xx_it.o
 .debug_info    0x00000000000024dd      0x171 ./Core/Src/sysmem.o
 .debug_info    0x000000000000264e      0x23d ./Core/Src/system_stm32f1xx.o
 .debug_info    0x000000000000288b       0x22 ./Core/Startup/startup_stm32f103c8tx.o
 .debug_info    0x00000000000028ad      0x734 ./Drivers/STM32F1xx_HAL_Driver/Src/stm32f1xx_hal.o
 .debug_info    0x0000000000002fe1      0xfd7 ./Drivers/STM32F1xx_HAL_Driver/Src/stm32f1xx_hal_can.o
 .debug_info    0x0000000000003fb8      0xb20 ./Drivers/STM32F1xx_HAL_Driver/Src/stm32f1xx_hal_cortex.o
 .debug_info    0x0000000000004ad8      0x615 ./Drivers/STM32F1xx_HAL_Driver/Src/stm32f1xx_hal_gpio.o
 .debug_info    0x00000000000050ed      0x865 ./Drivers/STM32F1xx_HAL_Driver/Src/stm32f1xx_hal_rcc.o
 .debug_info    0x0000000000005952     0x31b2 ./Drivers/STM32F1xx_HAL_Driver/Src/stm32f1xx_hal_uart.o

.debug_abbrev   0x0000000000000000     0x16d7
 .debug_abbrev  0x0000000000000000      0x2d3 ./Core/Src/main.o
 .debug_abbrev  0x00000000000002d3      0x1fb ./Core/Src/stm32f1xx_hal_msp.o
 .debug_abbrev  0x00000000000004ce      0x1b3 ./Core/Src/stm32f1xx_it.o
 .debug_abbrev  0x0000000000000681       0xbb ./Core/Src/sysmem.o
 .debug_abbrev  0x000000000000073c      0x13b ./Core/Src/system_stm32f1xx.o
 .debug_abbrev  0x0000000000000877       0x12 ./Core/Startup/startup_stm32f103c8tx.o
 .debug_abbrev  0x0000000000000889      0x1fb ./Drivers/STM32F1xx_HAL_Driver/Src/stm32f1xx_hal.o
 .debug_abbrev  0x0000000000000a84      0x224 ./Drivers/STM32F1xx_HAL_Driver/Src/stm32f1xx_hal_can.o
 .debug_abbrev  0x0000000000000ca8      0x2ed ./Drivers/STM32F1xx_HAL_Driver/Src/stm32f1xx_hal_cortex.o
 .debug_abbrev  0x0000000000000f95      0x1bb ./Drivers/STM32F1xx_HAL_Driver/Src/stm32f1xx_hal_gpio.o
 .debug_abbrev  0x0000000000001150      0x2a8 ./Drivers/STM32F1xx_HAL_Driver/Src/stm32f1xx_hal_rcc.o
 .debug_abbrev  0x00000000000013f8      0x2df ./Drivers/STM32F1xx_HAL_Driver/Src/stm32f1xx_hal_uart.o

.debug_aranges  0x0000000000000000      0x7c0
 .debug_aranges
                0x0000000000000000       0x88 ./Core/Src/main.o
 .debug_aranges
                0x0000000000000088       0x40 ./Core/Src/stm32f1xx_hal_msp.o
 .debug_aranges
                0x00000000000000c8       0x80 ./Core/Src/stm32f1xx_it.o
 .debug_aranges
                0x0000000000000148       0x20 ./Core/Src/sysmem.o
 .debug_aranges
                0x0000000000000168       0x28 ./Core/Src/system_stm32f1xx.o
 .debug_aranges
                0x0000000000000190       0x28 ./Core/Startup/startup_stm32f103c8tx.o
 .debug_aranges
                0x00000000000001b8       0xe0 ./Drivers/STM32F1xx_HAL_Driver/Src/stm32f1xx_hal.o
 .debug_aranges
                0x0000000000000298      0x138 ./Drivers/STM32F1xx_HAL_Driver/Src/stm32f1xx_hal_can.o
 .debug_aranges
                0x00000000000003d0      0x100 ./Drivers/STM32F1xx_HAL_Driver/Src/stm32f1xx_hal_cortex.o
 .debug_aranges
                0x00000000000004d0       0x58 ./Drivers/STM32F1xx_HAL_Driver/Src/stm32f1xx_hal_gpio.o
 .debug_aranges
                0x0000000000000528       0x90 ./Drivers/STM32F1xx_HAL_Driver/Src/stm32f1xx_hal_rcc.o
 .debug_aranges
                0x00000000000005b8      0x208 ./Drivers/STM32F1xx_HAL_Driver/Src/stm32f1xx_hal_uart.o

.debug_ranges   0x0000000000000000      0x738
 .debug_ranges  0x0000000000000000       0x78 ./Core/Src/main.o
 .debug_ranges  0x0000000000000078       0x30 ./Core/Src/stm32f1xx_hal_msp.o
 .debug_ranges  0x00000000000000a8       0x70 ./Core/Src/stm32f1xx_it.o
 .debug_ranges  0x0000000000000118       0x10 ./Core/Src/sysmem.o
 .debug_ranges  0x0000000000000128       0x18 ./Core/Src/system_stm32f1xx.o
 .debug_ranges  0x0000000000000140       0x20 ./Core/Startup/startup_stm32f103c8tx.o
 .debug_ranges  0x0000000000000160       0xd0 ./Drivers/STM32F1xx_HAL_Driver/Src/stm32f1xx_hal.o
 .debug_ranges  0x0000000000000230      0x128 ./Drivers/STM32F1xx_HAL_Driver/Src/stm32f1xx_hal_can.o
 .debug_ranges  0x0000000000000358       0xf0 ./Drivers/STM32F1xx_HAL_Driver/Src/stm32f1xx_hal_cortex.o
 .debug_ranges  0x0000000000000448       0x48 ./Drivers/STM32F1xx_HAL_Driver/Src/stm32f1xx_hal_gpio.o
 .debug_ranges  0x0000000000000490       0x80 ./Drivers/STM32F1xx_HAL_Driver/Src/stm32f1xx_hal_rcc.o
 .debug_ranges  0x0000000000000510      0x228 ./Drivers/STM32F1xx_HAL_Driver/Src/stm32f1xx_hal_uart.o

.debug_macro    0x0000000000000000    0x17288
 .debug_macro   0x0000000000000000      0x301 ./Core/Src/main.o
 .debug_macro   0x0000000000000301      0xa6c ./Core/Src/main.o
 .debug_macro   0x0000000000000d6d      0x21b ./Core/Src/main.o
 .debug_macro   0x0000000000000f88       0x2e ./Core/Src/main.o
 .debug_macro   0x0000000000000fb6       0x22 ./Core/Src/main.o
 .debug_macro   0x0000000000000fd8       0x22 ./Core/Src/main.o
 .debug_macro   0x0000000000000ffa       0x8e ./Core/Src/main.o
 .debug_macro   0x0000000000001088       0x51 ./Core/Src/main.o
 .debug_macro   0x00000000000010d9      0x103 ./Core/Src/main.o
 .debug_macro   0x00000000000011dc       0x6a ./Core/Src/main.o
 .debug_macro   0x0000000000001246      0x1df ./Core/Src/main.o
 .debug_macro   0x0000000000001425       0x1c ./Core/Src/main.o
 .debug_macro   0x0000000000001441       0x22 ./Core/Src/main.o
 .debug_macro   0x0000000000001463       0xbd ./Core/Src/main.o
 .debug_macro   0x0000000000001520      0xd23 ./Core/Src/main.o
 .debug_macro   0x0000000000002243     0xe09e ./Core/Src/main.o
 .debug_macro   0x00000000000102e1       0x6d ./Core/Src/main.o
 .debug_macro   0x000000000001034e     0x348d ./Core/Src/main.o
 .debug_macro   0x00000000000137db      0x174 ./Core/Src/main.o
 .debug_macro   0x000000000001394f       0x5c ./Core/Src/main.o
 .debug_macro   0x00000000000139ab      0x5bc ./Core/Src/main.o
 .debug_macro   0x0000000000013f67      0x289 ./Core/Src/main.o
 .debug_macro   0x00000000000141f0      0x1cb ./Core/Src/main.o
 .debug_macro   0x00000000000143bb      0x114 ./Core/Src/main.o
 .debug_macro   0x00000000000144cf      0x1b2 ./Core/Src/main.o
 .debug_macro   0x0000000000014681       0x27 ./Core/Src/main.o
 .debug_macro   0x00000000000146a8      0x136 ./Core/Src/main.o
 .debug_macro   0x00000000000147de      0x1bc ./Core/Src/main.o
 .debug_macro   0x000000000001499a       0x34 ./Core/Src/main.o
 .debug_macro   0x00000000000149ce       0x3c ./Core/Src/main.o
 .debug_macro   0x0000000000014a0a      0x408 ./Core/Src/main.o
 .debug_macro   0x0000000000014e12       0x57 ./Core/Src/main.o
 .debug_macro   0x0000000000014e69       0x87 ./Core/Src/main.o
 .debug_macro   0x0000000000014ef0      0x240 ./Core/Src/main.o
 .debug_macro   0x0000000000015130      0x140 ./Core/Src/main.o
 .debug_macro   0x0000000000015270      0x28e ./Core/Src/main.o
 .debug_macro   0x00000000000154fe       0x83 ./Core/Src/main.o
 .debug_macro   0x0000000000015581       0x52 ./Core/Src/main.o
 .debug_macro   0x00000000000155d3       0x18 ./Core/Src/main.o
 .debug_macro   0x00000000000155eb       0x3c ./Core/Src/main.o
 .debug_macro   0x0000000000015627       0x34 ./Core/Src/main.o
 .debug_macro   0x000000000001565b       0x16 ./Core/Src/main.o
 .debug_macro   0x0000000000015671       0x35 ./Core/Src/main.o
 .debug_macro   0x00000000000156a6      0x341 ./Core/Src/main.o
 .debug_macro   0x00000000000159e7       0x10 ./Core/Src/main.o
 .debug_macro   0x00000000000159f7       0x16 ./Core/Src/main.o
 .debug_macro   0x0000000000015a0d       0x43 ./Core/Src/main.o
 .debug_macro   0x0000000000015a50       0x34 ./Core/Src/main.o
 .debug_macro   0x0000000000015a84       0x10 ./Core/Src/main.o
 .debug_macro   0x0000000000015a94       0x58 ./Core/Src/main.o
 .debug_macro   0x0000000000015aec       0x71 ./Core/Src/main.o
 .debug_macro   0x0000000000015b5d       0x1c ./Core/Src/main.o
 .debug_macro   0x0000000000015b79      0x12a ./Core/Src/main.o
 .debug_macro   0x0000000000015ca3       0x10 ./Core/Src/main.o
 .debug_macro   0x0000000000015cb3       0x1c ./Core/Src/main.o
 .debug_macro   0x0000000000015ccf       0x52 ./Core/Src/main.o
 .debug_macro   0x0000000000015d21       0x22 ./Core/Src/main.o
 .debug_macro   0x0000000000015d43       0x10 ./Core/Src/main.o
 .debug_macro   0x0000000000015d53       0x52 ./Core/Src/main.o
 .debug_macro   0x0000000000015da5       0xd5 ./Core/Src/main.o
 .debug_macro   0x0000000000015e7a       0x1c ./Core/Src/main.o
 .debug_macro   0x0000000000015e96       0x3d ./Core/Src/main.o
 .debug_macro   0x0000000000015ed3       0x16 ./Core/Src/main.o
 .debug_macro   0x0000000000015ee9      0x145 ./Core/Src/main.o
 .debug_macro   0x000000000001602e      0x1a2 ./Core/Src/stm32f1xx_hal_msp.o
 .debug_macro   0x00000000000161d0      0x1ac ./Core/Src/stm32f1xx_it.o
 .debug_macro   0x000000000001637c       0xff ./Core/Src/sysmem.o
 .debug_macro   0x000000000001647b      0x23b ./Core/Src/sysmem.o
 .debug_macro   0x00000000000166b6      0x198 ./Core/Src/system_stm32f1xx.o
 .debug_macro   0x000000000001684e      0x1bc ./Drivers/STM32F1xx_HAL_Driver/Src/stm32f1xx_hal.o
 .debug_macro   0x0000000000016a0a      0x1a0 ./Drivers/STM32F1xx_HAL_Driver/Src/stm32f1xx_hal_can.o
 .debug_macro   0x0000000000016baa      0x198 ./Drivers/STM32F1xx_HAL_Driver/Src/stm32f1xx_hal_cortex.o
 .debug_macro   0x0000000000016d42      0x203 ./Drivers/STM32F1xx_HAL_Driver/Src/stm32f1xx_hal_gpio.o
 .debug_macro   0x0000000000016f45      0x1aa ./Drivers/STM32F1xx_HAL_Driver/Src/stm32f1xx_hal_rcc.o
 .debug_macro   0x00000000000170ef      0x199 ./Drivers/STM32F1xx_HAL_Driver/Src/stm32f1xx_hal_uart.o

.debug_line     0x0000000000000000     0x885c
 .debug_line    0x0000000000000000      0xa4d ./Core/Src/main.o
 .debug_line    0x0000000000000a4d      0x702 ./Core/Src/stm32f1xx_hal_msp.o
 .debug_line    0x000000000000114f      0x771 ./Core/Src/stm32f1xx_it.o
 .debug_line    0x00000000000018c0      0x4e5 ./Core/Src/sysmem.o
 .debug_line    0x0000000000001da5      0x6d2 ./Core/Src/system_stm32f1xx.o
 .debug_line    0x0000000000002477       0x86 ./Core/Startup/startup_stm32f103c8tx.o
 .debug_line    0x00000000000024fd      0x8ff ./Drivers/STM32F1xx_HAL_Driver/Src/stm32f1xx_hal.o
 .debug_line    0x0000000000002dfc     0x10a6 ./Drivers/STM32F1xx_HAL_Driver/Src/stm32f1xx_hal_can.o
 .debug_line    0x0000000000003ea2      0xae7 ./Drivers/STM32F1xx_HAL_Driver/Src/stm32f1xx_hal_cortex.o
 .debug_line    0x0000000000004989      0x998 ./Drivers/STM32F1xx_HAL_Driver/Src/stm32f1xx_hal_gpio.o
 .debug_line    0x0000000000005321      0xd0b ./Drivers/STM32F1xx_HAL_Driver/Src/stm32f1xx_hal_rcc.o
 .debug_line    0x000000000000602c     0x2830 ./Drivers/STM32F1xx_HAL_Driver/Src/stm32f1xx_hal_uart.o

.debug_str      0x0000000000000000    0x84c88
 .debug_str     0x0000000000000000    0x82d48 ./Core/Src/main.o
                                      0x83123 (size before relaxing)
 .debug_str     0x0000000000082d48      0x393 ./Core/Src/stm32f1xx_hal_msp.o
                                      0x7f355 (size before relaxing)
 .debug_str     0x00000000000830db      0x104 ./Core/Src/stm32f1xx_it.o
                                      0x7ec6d (size before relaxing)
 .debug_str     0x00000000000831df      0x4da ./Core/Src/sysmem.o
                                       0x5d52 (size before relaxing)
 .debug_str     0x00000000000836b9       0x7e ./Core/Src/system_stm32f1xx.o
                                      0x7e960 (size before relaxing)
 .debug_str     0x0000000000083737       0x36 ./Core/Startup/startup_stm32f103c8tx.o
                                         0x6c (size before relaxing)
 .debug_str     0x000000000008376d      0x38e ./Drivers/STM32F1xx_HAL_Driver/Src/stm32f1xx_hal.o
                                      0x7f093 (size before relaxing)
 .debug_str     0x0000000000083afb      0x360 ./Drivers/STM32F1xx_HAL_Driver/Src/stm32f1xx_hal_can.o
                                      0x7f160 (size before relaxing)
 .debug_str     0x0000000000083e5b      0x280 ./Drivers/STM32F1xx_HAL_Driver/Src/stm32f1xx_hal_cortex.o
                                      0x7efdf (size before relaxing)
 .debug_str     0x00000000000840db      0x322 ./Drivers/STM32F1xx_HAL_Driver/Src/stm32f1xx_hal_gpio.o
                                      0x7ece6 (size before relaxing)
 .debug_str     0x00000000000843fd      0x229 ./Drivers/STM32F1xx_HAL_Driver/Src/stm32f1xx_hal_rcc.o
                                      0x7ed8f (size before relaxing)
 .debug_str     0x0000000000084626      0x662 ./Drivers/STM32F1xx_HAL_Driver/Src/stm32f1xx_hal_uart.o
                                      0x7f400 (size before relaxing)

.comment        0x0000000000000000       0x50
 .comment       0x0000000000000000       0x50 ./Core/Src/main.o
                                         0x51 (size before relaxing)
 .comment       0x0000000000000050       0x51 ./Core/Src/stm32f1xx_hal_msp.o
 .comment       0x0000000000000050       0x51 ./Core/Src/stm32f1xx_it.o
 .comment       0x0000000000000050       0x51 ./Core/Src/sysmem.o
 .comment       0x0000000000000050       0x51 ./Core/Src/system_stm32f1xx.o
 .comment       0x0000000000000050       0x51 ./Drivers/STM32F1xx_HAL_Driver/Src/stm32f1xx_hal.o
 .comment       0x0000000000000050       0x51 ./Drivers/STM32F1xx_HAL_Driver/Src/stm32f1xx_hal_can.o
 .comment       0x0000000000000050       0x51 ./Drivers/STM32F1xx_HAL_Driver/Src/stm32f1xx_hal_cortex.o
 .comment       0x0000000000000050       0x51 ./Drivers/STM32F1xx_HAL_Driver/Src/stm32f1xx_hal_gpio.o
 .comment       0x0000000000000050       0x51 ./Drivers/STM32F1xx_HAL_Driver/Src/stm32f1xx_hal_rcc.o
 .comment       0x0000000000000050       0x51 ./Drivers/STM32F1xx_HAL_Driver/Src/stm32f1xx_hal_uart.o

.debug_frame    0x0000000000000000     0x22e4
 .debug_frame   0x0000000000000000      0x1ec ./Core/Src/main.o
 .debug_frame   0x00000000000001ec       0xc8 ./Core/Src/stm32f1xx_hal_msp.o
 .debug_frame   0x00000000000002b4      0x178 ./Core/Src/stm32f1xx_it.o
 .debug_frame   0x000000000000042c       0x34 ./Core/Src/sysmem.o
 .debug_frame   0x0000000000000460       0x58 ./Core/Src/system_stm32f1xx.o
 .debug_frame   0x00000000000004b8      0x334 ./Drivers/STM32F1xx_HAL_Driver/Src/stm32f1xx_hal.o
 .debug_frame   0x00000000000007ec      0x5a0 ./Drivers/STM32F1xx_HAL_Driver/Src/stm32f1xx_hal_can.o
 .debug_frame   0x0000000000000d8c      0x428 ./Drivers/STM32F1xx_HAL_Driver/Src/stm32f1xx_hal_cortex.o
 .debug_frame   0x00000000000011b4      0x14c ./Drivers/STM32F1xx_HAL_Driver/Src/stm32f1xx_hal_gpio.o
 .debug_frame   0x0000000000001300      0x218 ./Drivers/STM32F1xx_HAL_Driver/Src/stm32f1xx_hal_rcc.o
 .debug_frame   0x0000000000001518      0x944 ./Drivers/STM32F1xx_HAL_Driver/Src/stm32f1xx_hal_uart.o
 .debug_frame   0x0000000000001e5c       0x20 c:/st/stm32cubeide_1.9.0/stm32cubeide/plugins/com.st.stm32cube.ide.mcu.externaltools.gnu-tools-for-stm32.10.3-2021.10.win32_1.0.0.202111181127/tools/bin/../lib/gcc/arm-none-eabi/10.3.1/../../../../arm-none-eabi/lib/thumb/v7-m/nofp\libc_nano.a(lib_a-errno.o)
 .debug_frame   0x0000000000001e7c       0x2c c:/st/stm32cubeide_1.9.0/stm32cubeide/plugins/com.st.stm32cube.ide.mcu.externaltools.gnu-tools-for-stm32.10.3-2021.10.win32_1.0.0.202111181127/tools/bin/../lib/gcc/arm-none-eabi/10.3.1/../../../../arm-none-eabi/lib/thumb/v7-m/nofp\libc_nano.a(lib_a-init.o)
 .debug_frame   0x0000000000001ea8       0x20 c:/st/stm32cubeide_1.9.0/stm32cubeide/plugins/com.st.stm32cube.ide.mcu.externaltools.gnu-tools-for-stm32.10.3-2021.10.win32_1.0.0.202111181127/tools/bin/../lib/gcc/arm-none-eabi/10.3.1/../../../../arm-none-eabi/lib/thumb/v7-m/nofp\libc_nano.a(lib_a-memset.o)
 .debug_frame   0x0000000000001ec8       0x6c c:/st/stm32cubeide_1.9.0/stm32cubeide/plugins/com.st.stm32cube.ide.mcu.externaltools.gnu-tools-for-stm32.10.3-2021.10.win32_1.0.0.202111181127/tools/bin/../lib/gcc/arm-none-eabi/10.3.1/../../../../arm-none-eabi/lib/thumb/v7-m/nofp\libc_nano.a(lib_a-sprintf.o)
 .debug_frame   0x0000000000001f34       0x90 c:/st/stm32cubeide_1.9.0/stm32cubeide/plugins/com.st.stm32cube.ide.mcu.externaltools.gnu-tools-for-stm32.10.3-2021.10.win32_1.0.0.202111181127/tools/bin/../lib/gcc/arm-none-eabi/10.3.1/../../../../arm-none-eabi/lib/thumb/v7-m/nofp\libc_nano.a(lib_a-nano-svfprintf.o)
 .debug_frame   0x0000000000001fc4       0x60 c:/st/stm32cubeide_1.9.0/stm32cubeide/plugins/com.st.stm32cube.ide.mcu.externaltools.gnu-tools-for-stm32.10.3-2021.10.win32_1.0.0.202111181127/tools/bin/../lib/gcc/arm-none-eabi/10.3.1/../../../../arm-none-eabi/lib/thumb/v7-m/nofp\libc_nano.a(lib_a-nano-vfprintf_i.o)
 .debug_frame   0x0000000000002024       0x28 c:/st/stm32cubeide_1.9.0/stm32cubeide/plugins/com.st.stm32cube.ide.mcu.externaltools.gnu-tools-for-stm32.10.3-2021.10.win32_1.0.0.202111181127/tools/bin/../lib/gcc/arm-none-eabi/10.3.1/../../../../arm-none-eabi/lib/thumb/v7-m/nofp\libc_nano.a(lib_a-memchr-stub.o)
 .debug_frame   0x000000000000204c       0x28 c:/st/stm32cubeide_1.9.0/stm32cubeide/plugins/com.st.stm32cube.ide.mcu.externaltools.gnu-tools-for-stm32.10.3-2021.10.win32_1.0.0.202111181127/tools/bin/../lib/gcc/arm-none-eabi/10.3.1/../../../../arm-none-eabi/lib/thumb/v7-m/nofp\libc_nano.a(lib_a-memcpy-stub.o)
 .debug_frame   0x0000000000002074       0x28 c:/st/stm32cubeide_1.9.0/stm32cubeide/plugins/com.st.stm32cube.ide.mcu.externaltools.gnu-tools-for-stm32.10.3-2021.10.win32_1.0.0.202111181127/tools/bin/../lib/gcc/arm-none-eabi/10.3.1/../../../../arm-none-eabi/lib/thumb/v7-m/nofp\libc_nano.a(lib_a-memmove.o)
 .debug_frame   0x000000000000209c       0x38 c:/st/stm32cubeide_1.9.0/stm32cubeide/plugins/com.st.stm32cube.ide.mcu.externaltools.gnu-tools-for-stm32.10.3-2021.10.win32_1.0.0.202111181127/tools/bin/../lib/gcc/arm-none-eabi/10.3.1/../../../../arm-none-eabi/lib/thumb/v7-m/nofp\libc_nano.a(lib_a-nano-freer.o)
 .debug_frame   0x00000000000020d4       0x4c c:/st/stm32cubeide_1.9.0/stm32cubeide/plugins/com.st.stm32cube.ide.mcu.externaltools.gnu-tools-for-stm32.10.3-2021.10.win32_1.0.0.202111181127/tools/bin/../lib/gcc/arm-none-eabi/10.3.1/../../../../arm-none-eabi/lib/thumb/v7-m/nofp\libc_nano.a(lib_a-nano-mallocr.o)
 .debug_frame   0x0000000000002120       0x3c c:/st/stm32cubeide_1.9.0/stm32cubeide/plugins/com.st.stm32cube.ide.mcu.externaltools.gnu-tools-for-stm32.10.3-2021.10.win32_1.0.0.202111181127/tools/bin/../lib/gcc/arm-none-eabi/10.3.1/../../../../arm-none-eabi/lib/thumb/v7-m/nofp\libc_nano.a(lib_a-nano-reallocr.o)
 .debug_frame   0x000000000000215c       0x2c c:/st/stm32cubeide_1.9.0/stm32cubeide/plugins/com.st.stm32cube.ide.mcu.externaltools.gnu-tools-for-stm32.10.3-2021.10.win32_1.0.0.202111181127/tools/bin/../lib/gcc/arm-none-eabi/10.3.1/../../../../arm-none-eabi/lib/thumb/v7-m/nofp\libc_nano.a(lib_a-sbrkr.o)
 .debug_frame   0x0000000000002188       0x30 c:/st/stm32cubeide_1.9.0/stm32cubeide/plugins/com.st.stm32cube.ide.mcu.externaltools.gnu-tools-for-stm32.10.3-2021.10.win32_1.0.0.202111181127/tools/bin/../lib/gcc/arm-none-eabi/10.3.1/../../../../arm-none-eabi/lib/thumb/v7-m/nofp\libc_nano.a(lib_a-mlock.o)
 .debug_frame   0x00000000000021b8       0x20 c:/st/stm32cubeide_1.9.0/stm32cubeide/plugins/com.st.stm32cube.ide.mcu.externaltools.gnu-tools-for-stm32.10.3-2021.10.win32_1.0.0.202111181127/tools/bin/../lib/gcc/arm-none-eabi/10.3.1/../../../../arm-none-eabi/lib/thumb/v7-m/nofp\libc_nano.a(lib_a-nano-msizer.o)
 .debug_frame   0x00000000000021d8       0x5c c:/st/stm32cubeide_1.9.0/stm32cubeide/plugins/com.st.stm32cube.ide.mcu.externaltools.gnu-tools-for-stm32.10.3-2021.10.win32_1.0.0.202111181127/tools/bin/../lib/gcc/arm-none-eabi/10.3.1/../../../../arm-none-eabi/lib/thumb/v7-m/nofp\libc_nano.a(lib_a-reent.o)
 .debug_frame   0x0000000000002234       0xb0 c:/st/stm32cubeide_1.9.0/stm32cubeide/plugins/com.st.stm32cube.ide.mcu.externaltools.gnu-tools-for-stm32.10.3-2021.10.win32_1.0.0.202111181127/tools/bin/../lib/gcc/arm-none-eabi/10.3.1/../../../../arm-none-eabi/lib/thumb/v7-m/nofp\libc_nano.a(lib_a-lock.o)
