../Core/Src/main.c:80:5:main	8	static
../Core/Src/main.c:140:6:SystemClock_Config	72	static
../Core/Src/main.c:183:6:CAN1_Tx	48	static
../Core/Src/main.c:204:6:CAN_Filter_Config	48	static
../Core/Src/main.c:225:6:CAN1_Rx	96	static
../Core/Src/main.c:250:13:MX_CAN_Init	8	static
../Core/Src/main.c:287:13:MX_TIM3_Init	32	static
../Core/Src/main.c:332:13:MX_USART1_UART_Init	8	static
../Core/Src/main.c:365:13:MX_GPIO_Init	24	static
../Core/Src/main.c:379:6:init_timer	16	static
../Core/Src/main.c:392:6:HAL_CAN_TxMailbox0CompleteCallback	72	static
../Core/Src/main.c:400:6:HAL_CAN_TxMailbox1CompleteCallback	72	static
../Core/Src/main.c:408:6:HAL_CAN_TxMailbox2CompleteCallback	72	static
../Core/Src/main.c:416:7:HAL_CAN_RxFifo0MsgPendingCallback	80	static
../Core/Src/main.c:451:7:HAL_TIM_PeriodElapsedCallback	48	static
../Core/Src/main.c:481:7:LED_Manage_Output	16	static
../Core/Src/main.c:487:7:Send_response	48	static
../Core/Src/main.c:523:6:HAL_CAN_ErrorCallback	16	static
../Core/Src/main.c:529:6:Error_Handler	4	static,ignoring_inline_asm
