../Core/Src/main.c:90:5:main	16	static
../Core/Src/main.c:190:6:SystemClock_Config	72	static
../Core/Src/main.c:230:13:MX_CAN_Init	8	static
../Core/Src/main.c:267:13:MX_I2C1_Init	8	static
../Core/Src/main.c:301:13:MX_USART1_UART_Init	8	static
../Core/Src/main.c:334:13:MX_GPIO_Init	24	static
../Core/Src/main.c:346:7:Read_ADS1115	40	static
../Core/Src/main.c:605:6:CAN1_Tx	48	static
../Core/Src/main.c:626:6:CAN_Filter_Config	48	static
../Core/Src/main.c:647:6:CAN1_Rx	96	static
../Core/Src/main.c:669:6:HAL_CAN_RxFifo0MsgPendingCallback	80	static
../Core/Src/main.c:703:6:Send_response	48	static
../Core/Src/main.c:732:6:Error_Handler	4	static,ignoring_inline_asm
