../Core/Src/main.c:72:5:main	8	static
../Core/Src/main.c:129:6:SystemClock_Config	72	static
../Core/Src/main.c:169:13:MX_CAN_Init	8	static
../Core/Src/main.c:206:13:MX_USART1_UART_Init	8	static
../Core/Src/main.c:243:6:CAN1_Tx	40	static
../Core/Src/main.c:273:6:CAN1_Rx	96	static
../Core/Src/main.c:297:6:CAN_Filter_Config	48	static
../Core/Src/main.c:320:13:MX_GPIO_Init	16	static
../Core/Src/main.c:338:6:HAL_CAN_TxMailbox0CompleteCallback	72	static
../Core/Src/main.c:343:6:HAL_CAN_TxMailbox1CompleteCallback	72	static
../Core/Src/main.c:348:6:HAL_CAN_TxMailbox2CompleteCallback	72	static
../Core/Src/main.c:353:6:HAL_CAN_RxFifo0MsgPendingCallback	104	static
../Core/Src/main.c:373:6:HAL_CAN_ErrorCallback	16	static
../Core/Src/main.c:383:6:Error_Handler	4	static,ignoring_inline_asm
